Component: ARM Compiler 5.06 update 6 (build 750) Tool: armlink [4d35ed]

==============================================================================

Section Cross References

    systemdriver.o(i.IwdgCallback) refers to wdg.o(i.IWDG_GetITFlag) for IWDG_GetITFlag
    systemdriver.o(i.IwdgCallback) refers to wdg.o(i.IWDG_ClearITPending) for IWDG_ClearITPending
    systemdriver.o(i.IwdgCallback) refers to gpio.o(i.GPIO_ClrAFMode) for GPIO_ClrAFMode
    systemdriver.o(i.SYS_ADC_Init) refers to dma.o(i.DMA_Init) for DMA_Init
    systemdriver.o(i.SYS_ADC_Init) refers to dma.o(i.PeripheralsRxDmaConfig) for PeripheralsRxDmaConfig
    systemdriver.o(i.SYS_ADC_Init) refers to saradc.o(i.TriggerSARAdcStart) for TriggerSARAdcStart
    systemdriver.o(i.SYS_ADC_Init) refers to preprocess.o(.bss) for gDmaAdcBuf
    systemdriver.o(i.SYS_GPIO_Init) refers to gpio.o(i.GPIO_ClrAFMode) for GPIO_ClrAFMode
    systemdriver.o(i.SYS_GPIO_Init) refers to gpio.o(i.GPIO_SetBits) for GPIO_SetBits
    systemdriver.o(i.SYS_GPIO_Init) refers to gpio.o(i.GPIO_Init) for GPIO_Init
    systemdriver.o(i.SYS_GPIO_Init) refers to gpio.o(i.GPIO_SetAFMode) for GPIO_SetAFMode
    systemdriver.o(i.SYS_GPIO_Init) refers to gpio.o(i.GPIO_ClearBits) for GPIO_ClearBits
    systemdriver.o(i.SYS_Hardware_Init) refers to systemdriver.o(i.SYS_GPIO_Init) for SYS_GPIO_Init
    systemdriver.o(i.SYS_Hardware_Init) refers to timer.o(i.SetTimer) for SetTimer
    systemdriver.o(i.SYS_Hardware_Init) refers to timer.o(i.ADT_StartTimer) for ADT_StartTimer
    systemdriver.o(i.SYS_Hardware_Init) refers to cmp.o(i.Cmp_CLKConfig) for Cmp_CLKConfig
    systemdriver.o(i.SYS_Hardware_Init) refers to cmp.o(i.Cmp_Init) for Cmp_Init
    systemdriver.o(i.SYS_Hardware_Init) refers to cmp.o(i.Cmp_VrefConfig) for Cmp_VrefConfig
    systemdriver.o(i.SYS_Hardware_Init) refers to cmp.o(i.Cmp_Enable) for Cmp_Enable
    systemdriver.o(i.SYS_Hardware_Init) refers to systemdriver.o(i.SYS_OPA_Init) for SYS_OPA_Init
    systemdriver.o(i.SYS_Hardware_Init) refers to systemdriver.o(i.SYS_ADC_Init) for SYS_ADC_Init
    systemdriver.o(i.SYS_Interrupt_Enable) refers to systemdriver.o(i.__NVIC_SetPriority) for __NVIC_SetPriority
    systemdriver.o(i.SYS_Interrupt_Enable) refers to systemdriver.o(i.__NVIC_EnableIRQ) for __NVIC_EnableIRQ
    systemdriver.o(i.SYS_Interrupt_Enable) refers to wdg.o(i.IWDG_Enable) for IWDG_Enable
    systemdriver.o(i.SYS_ModuleDrive_Init) refers to defaultsetup.o(i.Setup_RestoreDevice) for Setup_RestoreDevice
    systemdriver.o(i.SYS_ModuleDrive_Init) refers to displaydriver.o(i.Display_Init) for Display_Init
    systemdriver.o(i.SYS_OPA_Init) refers to tia.o(i.Tia_Init) for Tia_Init
    systemdriver.o(i.SYS_OPA_Init) refers to tia.o(i.Tia_Enable) for Tia_Enable
    systemdriver.o(i.SYS_OPA_Init) refers to op.o(i.OPA_Init) for OPA_Init
    systemdriver.o(i.SYS_OPA_Init) refers to op.o(i.OPA_Enable) for OPA_Enable
    systemdriver.o(i.SYS_OPA_Init) refers to op.o(i.OP2_VinPadConfig) for OP2_VinPadConfig
    systemdriver.o(i.SYS_OPA_Init) refers to op.o(i.OP2_VipPadConfig) for OP2_VipPadConfig
    systemdriver.o(i.SYS_OPA_Init) refers to op.o(i.OP2_OutPadConfig) for OP2_OutPadConfig
    main.o(i.TCmain) refers to delay.o(i.delay1ms) for delay1ms
    main.o(i.TCmain) refers to trace.o(i.PrintInit) for PrintInit
    main.o(i.TCmain) refers to interrupt.o(i.IC_PowupInit) for IC_PowupInit
    main.o(i.TCmain) refers to systemdriver.o(i.SYS_Hardware_Init) for SYS_Hardware_Init
    main.o(i.TCmain) refers to systemdriver.o(i.SYS_Interrupt_Enable) for SYS_Interrupt_Enable
    gpio.o(i.GPIO_ClearBits) refers to gpio.o(i.GPIO_RegisterMap) for GPIO_RegisterMap
    gpio.o(i.GPIO_ClearITBit) refers to gpio.o(i.GPIO_RegisterMap) for GPIO_RegisterMap
    gpio.o(i.GPIO_ClrAFMode) refers to gpio.o(i.GPIO_PinMuxAdrMap) for GPIO_PinMuxAdrMap
    gpio.o(i.GPIO_Config) refers to gpio.o(i.GPIO_RegisterMap) for GPIO_RegisterMap
    gpio.o(i.GPIO_ExtModeConfig) refers to gpio.o(i.GPIO_PinMuxAdrMap) for GPIO_PinMuxAdrMap
    gpio.o(i.GPIO_ExtModeConfig) refers to gpio.o(i.GPIO_RegisterMap) for GPIO_RegisterMap
    gpio.o(i.GPIO_GetAFMode) refers to gpio.o(i.GPIO_PinMuxAdrMap) for GPIO_PinMuxAdrMap
    gpio.o(i.GPIO_GetBit) refers to gpio.o(i.GPIO_RegisterMap) for GPIO_RegisterMap
    gpio.o(i.GPIO_GetITStatus) refers to gpio.o(i.GPIO_RegisterMap) for GPIO_RegisterMap
    gpio.o(i.GPIO_ITConfig) refers to gpio.o(i.GPIO_RegisterMap) for GPIO_RegisterMap
    gpio.o(i.GPIO_ITConfig) refers to interrupt.o(i.XIC_EnableIRQ) for XIC_EnableIRQ
    gpio.o(i.GPIO_ITConfig) refers to interrupt.o(i.XIC_DisableIRQ) for XIC_DisableIRQ
    gpio.o(i.GPIO_Init) refers to gpio.o(i.GPIO_RegisterMap) for GPIO_RegisterMap
    gpio.o(i.GPIO_Init) refers to gpio.o(i.GPIO_PinMuxAdrMap) for GPIO_PinMuxAdrMap
    gpio.o(i.GPIO_SetAFMode) refers to gpio.o(i.GPIO_PinMuxAdrMap) for GPIO_PinMuxAdrMap
[...]
    printf4.o(i.__0vsprintf$4) refers to printf4.o(i._sputc) for _sputc
    printf4.o(i._printf_core) refers to uldiv.o(.text) for __aeabi_uldivmod
    printf5.o(i.__0fprintf$5) refers to printf5.o(i._printf_core) for _printf_core
    printf5.o(i.__0fprintf$5) refers to retarget_io.o(i.fputc) for fputc
    printf5.o(i.__0printf$5) refers to printf5.o(i._printf_core) for _printf_core
    printf5.o(i.__0printf$5) refers to retarget_io.o(i.fputc) for fputc
    printf5.o(i.__0printf$5) refers to stdout.o(.data) for __stdout
    printf5.o(i.__0snprintf$5) refers to printf5.o(i._printf_core) for _printf_core
    printf5.o(i.__0snprintf$5) refers to printf5.o(i._snputc) for _snputc
    printf5.o(i.__0sprintf$5) refers to printf5.o(i._printf_core) for _printf_core
    printf5.o(i.__0sprintf$5) refers to printf5.o(i._sputc) for _sputc
    printf5.o(i.__0vfprintf$5) refers to printf5.o(i._printf_core) for _printf_core
    printf5.o(i.__0vfprintf$5) refers to retarget_io.o(i.fputc) for fputc
    printf5.o(i.__0vprintf$5) refers to printf5.o(i._printf_core) for _printf_core
    printf5.o(i.__0vprintf$5) refers to retarget_io.o(i.fputc) for fputc
    printf5.o(i.__0vprintf$5) refers to stdout.o(.data) for __stdout
    printf5.o(i.__0vsnprintf$5) refers to printf5.o(i._printf_core) for _printf_core
    printf5.o(i.__0vsnprintf$5) refers to printf5.o(i._snputc) for _snputc
    printf5.o(i.__0vsprintf$5) refers to printf5.o(i._printf_core) for _printf_core
    printf5.o(i.__0vsprintf$5) refers to printf5.o(i._sputc) for _sputc
    printf5.o(i._printf_core) refers to uldiv.o(.text) for __aeabi_uldivmod
    printf6.o(i.__0fprintf$6) refers to printf6.o(i._printf_core) for _printf_core
    printf6.o(i.__0fprintf$6) refers to retarget_io.o(i.fputc) for fputc
    printf6.o(i.__0printf$6) refers to printf6.o(i._printf_core) for _printf_core
    printf6.o(i.__0printf$6) refers to retarget_io.o(i.fputc) for fputc
    printf6.o(i.__0printf$6) refers to stdout.o(.data) for __stdout
    printf6.o(i.__0snprintf$6) refers to printf6.o(i._printf_core) for _printf_core
    printf6.o(i.__0snprintf$6) refers to printf6.o(i._snputc) for _snputc
    printf6.o(i.__0sprintf$6) refers to printf6.o(i._printf_core) for _printf_core
    printf6.o(i.__0sprintf$6) refers to printf6.o(i._sputc) for _sputc
    printf6.o(i.__0vfprintf$6) refers to printf6.o(i._printf_core) for _printf_core
    printf6.o(i.__0vfprintf$6) refers to retarget_io.o(i.fputc) for fputc
    printf6.o(i.__0vprintf$6) refers to printf6.o(i._printf_core) for _printf_core
    printf6.o(i.__0vprintf$6) refers to retarget_io.o(i.fputc) for fputc
    printf6.o(i.__0vprintf$6) refers to stdout.o(.data) for __stdout
    printf6.o(i.__0vsnprintf$6) refers to printf6.o(i._printf_core) for _printf_core
    printf6.o(i.__0vsnprintf$6) refers to printf6.o(i._snputc) for _snputc
    printf6.o(i.__0vsprintf$6) refers to printf6.o(i._printf_core) for _printf_core
    printf6.o(i.__0vsprintf$6) refers to printf6.o(i._sputc) for _sputc
    printf6.o(i._printf_core) refers to printf6.o(i._printf_pre_padding) for _printf_pre_padding
    printf6.o(i._printf_core) refers to printf6.o(i._printf_post_padding) for _printf_post_padding
    printf6.o(i._printf_core) refers to uidiv.o(.text) for __aeabi_uidivmod
    printf7.o(i.__0fprintf$7) refers to printf7.o(i._printf_core) for _printf_core
    printf7.o(i.__0fprintf$7) refers to retarget_io.o(i.fputc) for fputc
    printf7.o(i.__0printf$7) refers to printf7.o(i._printf_core) for _printf_core
    printf7.o(i.__0printf$7) refers to retarget_io.o(i.fputc) for fputc
    printf7.o(i.__0printf$7) refers to stdout.o(.data) for __stdout
    printf7.o(i.__0snprintf$7) refers to printf7.o(i._printf_core) for _printf_core
    printf7.o(i.__0snprintf$7) refers to printf7.o(i._snputc) for _snputc
    printf7.o(i.__0sprintf$7) refers to printf7.o(i._printf_core) for _printf_core
    printf7.o(i.__0sprintf$7) refers to printf7.o(i._sputc) for _sputc
    printf7.o(i.__0vfprintf$7) refers to printf7.o(i._printf_core) for _printf_core
    printf7.o(i.__0vfprintf$7) refers to retarget_io.o(i.fputc) for fputc
    printf7.o(i.__0vprintf$7) refers to printf7.o(i._printf_core) for _printf_core
    printf7.o(i.__0vprintf$7) refers to retarget_io.o(i.fputc) for fputc
    printf7.o(i.__0vprintf$7) refers to stdout.o(.data) for __stdout
    printf7.o(i.__0vsnprintf$7) refers to printf7.o(i._printf_core) for _printf_core
    printf7.o(i.__0vsnprintf$7) refers to printf7.o(i._snputc) for _snputc
    printf7.o(i.__0vsprintf$7) refers to printf7.o(i._printf_core) for _printf_core
    printf7.o(i.__0vsprintf$7) refers to printf7.o(i._sputc) for _sputc
    printf7.o(i._printf_core) refers to printf7.o(i._printf_pre_padding) for _printf_pre_padding
    printf7.o(i._printf_core) refers to printf7.o(i._printf_post_padding) for _printf_post_padding
    printf7.o(i._printf_core) refers to uldiv.o(.text) for __aeabi_uldivmod
    printf8.o(i.__0fprintf$8) refers to printf8.o(i._printf_core) for _printf_core
    printf8.o(i.__0fprintf$8) refers to retarget_io.o(i.fputc) for fputc
    printf8.o(i.__0printf$8) refers to printf8.o(i._printf_core) for _printf_core
    printf8.o(i.__0printf$8) refers to retarget_io.o(i.fputc) for fputc
    printf8.o(i.__0printf$8) refers to stdout.o(.data) for __stdout
    printf8.o(i.__0snprintf$8) refers to printf8.o(i._printf_core) for _printf_core
    printf8.o(i.__0snprintf$8) refers to printf8.o(i._snputc) for _snputc
    printf8.o(i.__0sprintf$8) refers to printf8.o(i._printf_core) for _printf_core
    printf8.o(i.__0sprintf$8) refers to printf8.o(i._sputc) for _sputc
    printf8.o(i.__0vfprintf$8) refers to printf8.o(i._printf_core) for _printf_core
    printf8.o(i.__0vfprintf$8) refers to retarget_io.o(i.fputc) for fputc
    printf8.o(i.__0vprintf$8) refers to printf8.o(i._printf_core) for _printf_core
    printf8.o(i.__0vprintf$8) refers to retarget_io.o(i.fputc) for fputc
    printf8.o(i.__0vprintf$8) refers to stdout.o(.data) for __stdout
    printf8.o(i.__0vsnprintf$8) refers to printf8.o(i._printf_core) for _printf_core
    printf8.o(i.__0vsnprintf$8) refers to printf8.o(i._snputc) for _snputc
    printf8.o(i.__0vsprintf$8) refers to printf8.o(i._printf_core) for _printf_core
    printf8.o(i.__0vsprintf$8) refers to printf8.o(i._sputc) for _sputc
    printf8.o(i._printf_core) refers to printf8.o(i._printf_pre_padding) for _printf_pre_padding
    printf8.o(i._printf_core) refers to printf8.o(i._printf_post_padding) for _printf_post_padding
    printf8.o(i._printf_core) refers to uldiv.o(.text) for __aeabi_uldivmod
    printfa.o(i.__0fprintf) refers (Special) to iusefp.o(.text) for __I$use$fp
    printfa.o(i.__0fprintf) refers to printfa.o(i._printf_core) for _printf_core
    printfa.o(i.__0fprintf) refers to retarget_io.o(i.fputc) for fputc
    printfa.o(i.__0printf) refers (Special) to iusefp.o(.text) for __I$use$fp
    printfa.o(i.__0printf) refers to printfa.o(i._printf_core) for _printf_core
    printfa.o(i.__0printf) refers to retarget_io.o(i.fputc) for fputc
    printfa.o(i.__0printf) refers to stdout.o(.data) for __stdout
    printfa.o(i.__0snprintf) refers (Special) to iusefp.o(.text) for __I$use$fp
    printfa.o(i.__0snprintf) refers to printfa.o(i._printf_core) for _printf_core
    printfa.o(i.__0snprintf) refers to printfa.o(i._snputc) for _snputc
    printfa.o(i.__0sprintf) refers (Special) to iusefp.o(.text) for __I$use$fp
    printfa.o(i.__0sprintf) refers to printfa.o(i._printf_core) for _printf_core
    printfa.o(i.__0sprintf) refers to printfa.o(i._sputc) for _sputc
    printfa.o(i.__0vfprintf) refers (Special) to iusefp.o(.text) for __I$use$fp
    printfa.o(i.__0vfprintf) refers to printfa.o(i._printf_core) for _printf_core
    printfa.o(i.__0vfprintf) refers to retarget_io.o(i.fputc) for fputc
    printfa.o(i.__0vprintf) refers (Special) to iusefp.o(.text) for __I$use$fp
    printfa.o(i.__0vprintf) refers to printfa.o(i._printf_core) for _printf_core
    printfa.o(i.__0vprintf) refers to retarget_io.o(i.fputc) for fputc
    printfa.o(i.__0vprintf) refers to stdout.o(.data) for __stdout
    printfa.o(i.__0vsnprintf) refers (Special) to iusefp.o(.text) for __I$use$fp
    printfa.o(i.__0vsnprintf) refers to printfa.o(i._printf_core) for _printf_core
    printfa.o(i.__0vsnprintf) refers to printfa.o(i._snputc) for _snputc
    printfa.o(i.__0vsprintf) refers (Special) to iusefp.o(.text) for __I$use$fp
    printfa.o(i.__0vsprintf) refers to printfa.o(i._printf_core) for _printf_core
    printfa.o(i.__0vsprintf) refers to printfa.o(i._sputc) for _sputc
    printfa.o(i._fp_digits) refers (Special) to iusefp.o(.text) for __I$use$fp
    printfa.o(i._fp_digits) refers to dmul.o(.text) for __aeabi_dmul
    printfa.o(i._fp_digits) refers to ddiv.o(.text) for __aeabi_ddiv
    printfa.o(i._fp_digits) refers to cdrcmple.o(.text) for __aeabi_cdrcmple
    printfa.o(i._fp_digits) refers to dadd.o(.text) for __aeabi_dadd
    printfa.o(i._fp_digits) refers to dfixul.o(.text) for __aeabi_d2ulz
    printfa.o(i._fp_digits) refers to uldiv.o(.text) for __aeabi_uldivmod
    printfa.o(i._printf_core) refers (Special) to iusefp.o(.text) for __I$use$fp
    printfa.o(i._printf_core) refers to printfa.o(i._printf_pre_padding) for _printf_pre_padding
    printfa.o(i._printf_core) refers to uldiv.o(.text) for __aeabi_uldivmod
    printfa.o(i._printf_core) refers to printfa.o(i._printf_post_padding) for _printf_post_padding
    printfa.o(i._printf_core) refers to printfa.o(i._fp_digits) for _fp_digits
    printfa.o(i._printf_core) refers to uidiv.o(.text) for __aeabi_uidivmod
    printfa.o(i._printf_post_padding) refers (Special) to iusefp.o(.text) for __I$use$fp
    printfa.o(i._printf_pre_padding) refers (Special) to iusefp.o(.text) for __I$use$fp
    printfa.o(i._snputc) refers (Special) to iusefp.o(.text) for __I$use$fp
    printfa.o(i._sputc) refers (Special) to iusefp.o(.text) for __I$use$fp
    fadd.o(.text) refers (Special) to iusefp.o(.text) for __I$use$fp
    fadd.o(.text) refers to fepilogue.o(.text) for _float_epilogue
    fmul.o(.text) refers (Special) to iusefp.o(.text) for __I$use$fp
    fdiv.o(.text) refers (Special) to iusefp.o(.text) for __I$use$fp
    fdiv.o(.text) refers to fepilogue.o(.text) for _float_round
    dmul.o(.text) refers (Special) to iusefp.o(.text) for __I$use$fp
    dmul.o(.text) refers to depilogue.o(.text) for _double_epilogue
    ddiv.o(.text) refers (Special) to iusefp.o(.text) for __I$use$fp
    ddiv.o(.text) refers to depilogue.o(.text) for _double_round
    fflti.o(.text) refers (Special) to iusefp.o(.text) for __I$use$fp
    fflti.o(.text) refers to fepilogue.o(.text) for _float_epilogue
    ffltui.o(.text) refers (Special) to iusefp.o(.text) for __I$use$fp
    ffltui.o(.text) refers to fepilogue.o(.text) for _float_epilogue
    dflti.o(.text) refers (Special) to iusefp.o(.text) for __I$use$fp
    dflti.o(.text) refers to depilogue.o(.text) for _double_epilogue
    ffixi.o(.text) refers (Special) to iusefp.o(.text) for __I$use$fp
    ffixui.o(.text) refers (Special) to iusefp.o(.text) for __I$use$fp
    dfixi.o(.text) refers (Special) to iusefp.o(.text) for __I$use$fp
    dfixi.o(.text) refers to llushr.o(.text) for __aeabi_llsr
    uldiv.o(.text) refers to llushr.o(.text) for __aeabi_llsr
    uldiv.o(.text) refers to llshl.o(.text) for __aeabi_llsl
    depilogue.o(.text) refers to depilogue.o(i.__ARM_clz) for __ARM_clz
    depilogue.o(.text) refers to llshl.o(.text) for __aeabi_llsl
    depilogue.o(.text) refers to llushr.o(.text) for __aeabi_llsr
    dadd.o(.text) refers to llshl.o(.text) for __aeabi_llsl
    dadd.o(.text) refers to llsshr.o(.text) for __aeabi_lasr
    dadd.o(.text) refers to depilogue.o(.text) for _double_epilogue
    dfixul.o(.text) refers to llushr.o(.text) for __aeabi_llsr
    dfixul.o(.text) refers to llshl.o(.text) for __aeabi_llsl


==============================================================================

Removing Unused input sections from the image.

    Removing systemdriver.o(.rev16_text), (4 bytes).
    Removing systemdriver.o(.revsh_text), (4 bytes).
    Removing systemdriver.o(i.SYS_ModuleDrive_Init), (12 bytes).
    Removing main.o(.rev16_text), (4 bytes).
    Removing main.o(.revsh_text), (4 bytes).
    Removing gpio.o(.rev16_text), (4 bytes).
    Removing gpio.o(.revsh_text), (4 bytes).
    Removing gpio.o(i.GPIO_20mA_Mode), (108 bytes).
    Removing gpio.o(i.GPIO_ClearITBit), (32 bytes).
    Removing gpio.o(i.GPIO_Config), (40 bytes).
    Removing gpio.o(i.GPIO_ExtModeConfig), (184 bytes).
    Removing gpio.o(i.GPIO_GetAFMode), (22 bytes).
    Removing gpio.o(i.GPIO_GetBit), (26 bytes).
    Removing gpio.o(i.GPIO_GetITStatus), (34 bytes).
    Removing gpio.o(i.GPIO_ITConfig), (164 bytes).
    Removing gpio.o(i.GPIO_SwitchOffIe), (168 bytes).
    Removing gpio.o(i.GPIO_ToggleBits), (42 bytes).
    Removing gpio.o(i.GPIO_WriteBit), (22 bytes).
    Removing delay.o(.rev16_text), (4 bytes).
    Removing delay.o(.revsh_text), (4 bytes).
    Removing delay.o(i.SysTickClkSourceConfig), (24 bytes).
    Removing delay.o(i.delay100us), (80 bytes).
    Removing delay.o(i.delay1us), (80 bytes).
    Removing dma.o(.rev16_text), (4 bytes).
    Removing dma.o(.revsh_text), (4 bytes).
    Removing dma.o(i.DMA_M2MTransferSetup), (48 bytes).
    Removing dma.o(i.DMA_StopChannel), (20 bytes).
    Removing dma.o(i.PeripheralsTxDmaConfig), (120 bytes).
    Removing uart.o(.rev16_text), (4 bytes).
    Removing uart.o(.revsh_text), (4 bytes).
    Removing uart.o(i.DisableUartInt), (116 bytes).
    Removing uart.o(i.GetRxFifoTrigNum), (36 bytes).
    Removing uart.o(i.GetUartFclkVal), (156 bytes).
    Removing uart.o(i.SetUartBaudrate), (66 bytes).
    Removing uart.o(i.SetUartFclkSource), (288 bytes).
    Removing uart.o(i.UART_DivideLatch), (14 bytes).
    Removing uart.o(i.UART_Divided), (44 bytes).
    Removing uart.o(i.UART_GetFlagStatus), (14 bytes).
    Removing uart.o(i.UART_Init), (188 bytes).
    Removing uart.o(i.UART_RcvDataDma), (38 bytes).
    Removing uart.o(i.UART_ReceiveOneDataBlocked), (12 bytes).
    Removing uart.o(i.UART_ReceiveOneDataUnblocked), (18 bytes).
    Removing uart.o(i.UART_SendData), (24 bytes).
    Removing uart.o(i.UART_SendDataDma), (34 bytes).
    Removing uart.o(i.UART_SendOneData), (10 bytes).
    Removing uart.o(i.UartIOConfig), (156 bytes).
    Removing uart.o(.bss), (100 bytes).
    Removing uart.o(.data), (4 bytes).
    Removing uart.o(.data), (4 bytes).
    Removing uart.o(.data), (1 bytes).
    Removing i2c.o(.rev16_text), (4 bytes).
    Removing i2c.o(.revsh_text), (4 bytes).
    Removing i2c.o(i.GetI2CFclkSource), (144 bytes).
    Removing i2c.o(i.I2C_ConfigIO), (132 bytes).
    Removing i2c.o(i.I2C_GetFlagISR), (20 bytes).
    Removing i2c.o(i.I2C_GetFlagStatus), (14 bytes).
    Removing i2c.o(i.I2C_Init), (272 bytes).
    Removing i2c.o(i.I2C_ReceiveData), (116 bytes).
    Removing i2c.o(i.I2C_RxDmaConfig), (96 bytes).
    Removing i2c.o(i.I2C_SendData), (148 bytes).
    Removing i2c.o(i.I2C_TxDmaConfig), (104 bytes).
    Removing i2c.o(i.SetI2CFclkSource), (112 bytes).
    Removing vdac.o(.rev16_text), (4 bytes).
    Removing vdac.o(.revsh_text), (4 bytes).
    Removing vdac.o(i.ConfigVdacOutputPin), (84 bytes).
    Removing vdac.o(i.GetVdacFifoFreeNum), (16 bytes).
    Removing vdac.o(i.SetVdacFclkSource), (76 bytes).
    Removing vdac.o(i.SetVdacOutputValue), (12 bytes).
    Removing vdac.o(i.TriggerVdacStart), (12 bytes).
    Removing vdac.o(i.TriggerVdacStop), (12 bytes).
    Removing vdac.o(i.VdacBlockDisable), (16 bytes).
    Removing vdac.o(i.VdacBlockEnable), (16 bytes).
    Removing vdac.o(i.VdacConfigure), (60 bytes).
    Removing op.o(.rev16_text), (4 bytes).
    Removing op.o(.revsh_text), (4 bytes).
    Removing op.o(i.OPA_Disable), (36 bytes).
    Removing op.o(i.OPA_GainConfig), (40 bytes).
    Removing op.o(i.OPA_VcmConfig), (28 bytes).
    Removing op.o(i.OPA_VcmDisable), (16 bytes).
    Removing op.o(i.OPA_VcmEnable), (16 bytes).
    Removing tia.o(.rev16_text), (4 bytes).
    Removing tia.o(.revsh_text), (4 bytes).
    Removing tia.o(i.TiaConfigureComVoltageFromInternal), (108 bytes).
    Removing tia.o(i.TiaConfigureVoltagefollow), (80 bytes).
    Removing tia.o(i.TiaIOConfigure), (14 bytes).
    Removing tia.o(i.Tia_Disable), (16 bytes).
    Removing tia.o(i.Tia_PosVrefConfig), (24 bytes).
    Removing saradc.o(.rev16_text), (4 bytes).
    Removing saradc.o(.revsh_text), (4 bytes).
    Removing saradc.o(i.GetSarAdcFifoValidState), (16 bytes).
    Removing saradc.o(i.SetSARADCFclkSource), (48 bytes).
    Removing saradc.o(i.SetSARAdcConfig), (36 bytes).
    Removing saradc.o(i.SetSARAdcTriggerNum), (24 bytes).
    Removing aes.o(.rev16_text), (4 bytes).
    Removing aes.o(.revsh_text), (4 bytes).
    Removing aes.o(i.AesCbcDecode), (128 bytes).
    Removing aes.o(i.AesCbcEnc), (128 bytes).
    Removing aes.o(i.AesEcbDecode), (108 bytes).
    Removing aes.o(i.AesEcbEnc), (108 bytes).
    Removing aes.o(i.AesEnd), (12 bytes).
    Removing aes.o(i.AesIRQHandler), (12 bytes).
    Removing aes.o(i.AesSha256), (92 bytes).
    Removing aes.o(i.AesStart), (24 bytes).
    Removing aes.o(i.AesWaitActionDone), (84 bytes).
    Removing aes.o(i.AesrxDmaConfig), (100 bytes).
    Removing aes.o(i.AestxDmaConfig), (88 bytes).
    Removing aes.o(.data), (3 bytes).
    Removing cmp.o(.rev16_text), (4 bytes).
    Removing cmp.o(.revsh_text), (4 bytes).
    Removing cmp.o(i.Cmp_CLKDisable), (36 bytes).
    Removing cmp.o(i.Cmp_Disable), (36 bytes).
    Removing cmp.o(i.Cmp_Trim), (40 bytes).
    Removing timer.o(.rev16_text), (4 bytes).
    Removing timer.o(.revsh_text), (4 bytes).
    Removing timer.o(i.ADT_StopTimer), (12 bytes).
    Removing timer.o(i.CalExtPulse), (100 bytes).
    Removing timer.o(i.Hal_LptimerHandler), (36 bytes).
    Removing timer.o(i.Hal_Timer0Handler), (64 bytes).
    Removing timer.o(i.Hal_Timer1Handler), (36 bytes).
    Removing timer.o(i.Hal_Timer2Handler), (36 bytes).
    Removing timer.o(i.Hal_Timer3Handler), (36 bytes).
    Removing timer.o(i.Hal_Timer4Handler), (36 bytes).
    Removing timer.o(i.Hal_Timer5Handler), (36 bytes).
    Removing timer.o(i.SetTimerIsr), (32 bytes).
    Removing timer.o(i.SoftwareForceBK), (10 bytes).
    Removing timer.o(i.SyncStartStop), (12 bytes).
    Removing timer.o(i.TimerStart), (10 bytes).
    Removing timer.o(i.TimerStop), (12 bytes).
    Removing divider.o(.rev16_text), (4 bytes).
    Removing divider.o(.revsh_text), (4 bytes).
    Removing divider.o(i.DividerFuction), (24 bytes).
    Removing flash.o(.rev16_text), (4 bytes).
    Removing flash.o(.revsh_text), (4 bytes).
    Removing flash.o(i.Flash_DeInit), (12 bytes).
    Removing flash.o(i.Flash_Init), (24 bytes).
    Removing flash.o(i.Flash_Read), (40 bytes).
    Removing flash.o(i.Flash_Read16), (40 bytes).
    Removing flash.o(i.NVR_Read), (44 bytes).
    Removing idac.o(.rev16_text), (4 bytes).
    Removing idac.o(.revsh_text), (4 bytes).
    Removing idac.o(i.SetIdacBasicCurrent), (36 bytes).
    Removing idac.o(i.SetIdacIn), (24 bytes).
    Removing idac.o(i.SetIdacOutput), (48 bytes).
    Removing idac.o(i.TriggerIdacStart), (32 bytes).
    Removing idac.o(i.TriggerIdacStop), (32 bytes).
    Removing interrupt.o(.rev16_text), (4 bytes).
    Removing interrupt.o(.revsh_text), (4 bytes).
    Removing interrupt.o(i.IC_DisableNVIC), (12 bytes).
    Removing interrupt.o(i.IC_EnableNVIC), (12 bytes).
    Removing interrupt.o(i.IC_PowupDeinit), (12 bytes).
    Removing interrupt.o(i.XIC_DisableIRQ), (76 bytes).
    Removing interrupt.o(i.XIC_EnableIRQ), (88 bytes).
    Removing interrupt.o(i.XIC_GetModule), (32 bytes).
    Removing interrupt.o(i.XIC_SetVector), (76 bytes).
    Removing interrupt.o(i.calculate_CLZ), (40 bytes).
    Removing lpm.o(.rev16_text), (4 bytes).
    Removing lpm.o(.revsh_text), (4 bytes).
    Removing lpm.o(i.EnterLpmDeepSleep), (28 bytes).
    Removing lpm.o(i.EnterLpmPmuState), (84 bytes).
    Removing lpm.o(i.SwitchOffModuleClk), (256 bytes).
    Removing lpm.o(i.SwitchOffModulePower), (96 bytes).
    Removing lvd.o(.rev16_text), (4 bytes).
    Removing lvd.o(.revsh_text), (4 bytes).
    Removing lvd.o(i.LVD_CLKConfig), (48 bytes).
    Removing lvd.o(i.LVD_CLKDisable), (16 bytes).
    Removing lvd.o(i.LVD_Disable), (16 bytes).
    Removing lvd.o(i.LVD_Enable), (16 bytes).
    Removing lvd.o(i.LVD_ITConfig), (24 bytes).
    Removing lvd.o(i.LVD_ModeConfig), (48 bytes).
    Removing lvd.o(i.LVD_PortConfig), (60 bytes).
    Removing lvd.o(i.LVD_SetFilterTime), (20 bytes).
    Removing lvd.o(i.LVD_SetTripVolt), (20 bytes).
    Removing lvd.o(i.LVD_SetVrefSel), (24 bytes).
    Removing rtc.o(.rev16_text), (4 bytes).
    Removing rtc.o(.revsh_text), (4 bytes).
    Removing rtc.o(i.Hal_CalendarIRQHandler), (64 bytes).
    Removing rtc.o(i.Hal_WaveCalendarIRQHandler), (60 bytes).
    Removing rtc.o(i.RTC_AlarmWrite), (24 bytes).
    Removing rtc.o(i.RTC_ClearITFlag), (16 bytes).
    Removing rtc.o(i.RTC_CmpThrelInit), (72 bytes).
    Removing rtc.o(i.RTC_DeInit), (20 bytes).
    Removing rtc.o(i.RTC_Enable), (16 bytes).
    Removing rtc.o(i.RTC_GetITFlag), (20 bytes).
    Removing rtc.o(i.RTC_GetTime), (36 bytes).
    Removing rtc.o(i.RTC_ITConfig), (128 bytes).
    Removing rtc.o(i.RTC_IsrSet), (36 bytes).
    Removing rtc.o(i.RTC_Lock), (12 bytes).
    Removing rtc.o(i.RTC_Ready), (16 bytes).
    Removing rtc.o(i.RTC_SetAlarm), (28 bytes).
    Removing rtc.o(i.RTC_SetTime), (52 bytes).
    Removing rtc.o(i.RTC_TimeRead), (56 bytes).
    Removing rtc.o(i.RTC_TimeWrite), (48 bytes).
    Removing rtc.o(i.RTC_UnLock), (16 bytes).
    Removing spi.o(.rev16_text), (4 bytes).
    Removing spi.o(.revsh_text), (4 bytes).
    Removing spi.o(i.SPI_GetFlagStatus), (14 bytes).
    Removing spi.o(i.SPI_Init), (150 bytes).
    Removing spi.o(i.SPI_ReceiveData_Host), (38 bytes).
    Removing spi.o(i.SPI_ReceiveData_Slave), (24 bytes).
    Removing spi.o(i.SPI_Receive_DMAConfig), (40 bytes).
    Removing spi.o(i.SPI_SendData_Host), (34 bytes).
    Removing spi.o(i.SPI_SendData_Slave), (38 bytes).
    Removing spi.o(i.SPI_Send_DMAConfig), (36 bytes).
    Removing spi.o(i.SPI_SetCpolCpha), (24 bytes).
    Removing spi.o(i.SPI_SetFrameSize), (42 bytes).
    Removing spi.o(i.SPI_SetRate), (24 bytes).
    Removing spi.o(i.SPI_SetRfr), (20 bytes).
    Removing spi.o(i.SpiIOConfig), (104 bytes).
    Removing trim.o(.rev16_text), (4 bytes).
    Removing trim.o(.revsh_text), (4 bytes).
    Removing trim.o(i.BandGapTrimToTarget), (20 bytes).
    Removing trim.o(i.CmpTrimToTarget), (416 bytes).
    Removing trim.o(i.IDACTrimToTarget), (104 bytes).
    Removing trim.o(i.LDO15TrimToTarget), (16 bytes).
    Removing trim.o(i.LDO3TrimToTarget), (24 bytes).
    Removing trim.o(i.LDOLPTrimToTarget), (20 bytes).
    Removing trim.o(i.RC16mTrimToTarget), (24 bytes).
    Removing trim.o(i.RC32kTrimToTarget), (24 bytes).
    Removing trim.o(i.RTCThrelTrimToTarget), (52 bytes).
    Removing trim.o(i.VDACTrimToTarget), (76 bytes).
    Removing trim.o(i.VbiasIbiasTrimToTarget), (20 bytes).
    Removing wdg.o(.rev16_text), (4 bytes).
    Removing wdg.o(.revsh_text), (4 bytes).
    Removing wdg.o(i.EnableIWDG), (16 bytes).
    Removing wdg.o(i.EnableWWDG), (30 bytes).
    Removing wdg.o(i.Hal_IWDGHandler), (64 bytes).
    Removing wdg.o(i.Hal_WWDGAdvHandler), (60 bytes).
    Removing wdg.o(i.Hal_WWDGT2Handler), (60 bytes).
    Removing wdg.o(i.Hal_WWDGTimeOutHandler), (64 bytes).
    Removing wdg.o(i.IWDG_Disable), (16 bytes).
    Removing wdg.o(i.IWDG_Init), (60 bytes).
    Removing wdg.o(i.IWDG_Lock), (16 bytes).
    Removing wdg.o(i.IWDG_ResetCnt), (12 bytes).
    Removing wdg.o(i.IWDG_UnLock), (16 bytes).
    Removing wdg.o(i.WWDG_ClearITPending), (40 bytes).
    Removing wdg.o(i.WWDG_Disable), (16 bytes).
    Removing wdg.o(i.WWDG_Enable), (16 bytes).
    Removing wdg.o(i.WWDG_GetITFlag), (44 bytes).
    Removing wdg.o(i.WWDG_Init), (136 bytes).
    Removing wdg.o(i.WWDG_Lock), (16 bytes).
    Removing wdg.o(i.WWDG_ResetCnt), (12 bytes).
    Removing wdg.o(i.WWDG_UnLock), (16 bytes).
    Removing rcc.o(.rev16_text), (4 bytes).
    Removing rcc.o(.revsh_text), (4 bytes).
    Removing rcc.o(i.ahb_clk_config), (128 bytes).
    Removing startup_tcasxxx.o(HEAP), (0 bytes).
    Removing system_tcasxxx.o(.rev16_text), (4 bytes).
    Removing system_tcasxxx.o(.revsh_text), (4 bytes).
    Removing system_tcasxxx.o(i.SystemAnlogTrim), (2 bytes).
    Removing defaultsetup.o(.rev16_text), (4 bytes).
    Removing defaultsetup.o(.revsh_text), (4 bytes).
    Removing defaultsetup.o(i.ErasePage), (10 bytes).
    Removing defaultsetup.o(i.ReadFlashCfg), (112 bytes).
    Removing defaultsetup.o(i.Setup_IsRestoreValue), (88 bytes).
    Removing defaultsetup.o(i.Setup_RestoreDevice), (48 bytes).
    Removing defaultsetup.o(i.Setup_UpdateDevice), (48 bytes).
    Removing defaultsetup.o(i.WriteFlashCfg), (88 bytes).
    Removing defaultsetup.o(.data), (2 bytes).
    Removing defaultsetup.o(.data), (4 bytes).
    Removing lightdriver.o(.rev16_text), (4 bytes).
    Removing lightdriver.o(.revsh_text), (4 bytes).
    Removing lightdriver.o(.bss), (20 bytes).
    Removing preprocess.o(.rev16_text), (4 bytes).
    Removing preprocess.o(.revsh_text), (4 bytes).
    Removing spo2interface.o(.rev16_text), (4 bytes).
    Removing spo2interface.o(.revsh_text), (4 bytes).
    Removing spo2interface.o(i.SpO2_algorithm), (176 bytes).
    Removing spo2interface.o(i.heartbeat_algorithm), (200 bytes).
    Removing spo2interface.o(.data), (30 bytes).
    Removing displaydriver.o(.rev16_text), (4 bytes).
    Removing displaydriver.o(.revsh_text), (4 bytes).
    Removing displaydriver.o(i.Display_AlarmMenu), (184 bytes).
    Removing displaydriver.o(i.Display_AlarmThrd), (812 bytes).
    Removing displaydriver.o(i.Display_Bargraph), (260 bytes).
    Removing displaydriver.o(i.Display_Battery), (388 bytes).
    Removing displaydriver.o(i.Display_BlinkSelection), (352 bytes).
    Removing displaydriver.o(i.Display_Caption), (176 bytes).
    Removing displaydriver.o(i.Display_GUI), (1340 bytes).
    Removing displaydriver.o(i.Display_Init), (48 bytes).
    Removing displaydriver.o(i.Display_Perfusion), (892 bytes).
    Removing displaydriver.o(i.Display_Pleth), (280 bytes).
    Removing displaydriver.o(i.Display_ProbeOff), (84 bytes).
    Removing displaydriver.o(i.Display_Pulse), (424 bytes).
    Removing displaydriver.o(i.Display_SpO2), (480 bytes).
    Removing displaydriver.o(i.Display_Version), (428 bytes).
    Removing displaydriver.o(.constdata), (40 bytes).
    Removing displaydriver.o(.data), (1 bytes).
    Removing displaydriver.o(.data), (6 bytes).
    Removing fontlibs.o(.constdata), (436 bytes).
    Removing fontlibs.o(.constdata), (196 bytes).
    Removing fontlibs.o(.constdata), (562 bytes).
    Removing fontlibs.o(.constdata), (368 bytes).
    Removing fontlibs.o(.constdata), (752 bytes).
    Removing fontlibs.o(.constdata), (484 bytes).
    Removing fontlibs.o(.constdata), (429 bytes).
    Removing fontlibs.o(.constdata), (396 bytes).
    Removing fontlibs.o(.constdata), (206 bytes).
    Removing fontlibs.o(.constdata), (156 bytes).
    Removing fontlibs.o(.constdata), (70 bytes).
    Removing fontlibs.o(.constdata), (60 bytes).
    Removing fontlibs.o(.constdata), (78 bytes).
    Removing fontlibs.o(.constdata), (45 bytes).
    Removing fontlibs.o(.constdata), (21 bytes).
    Removing fontlibs.o(.constdata), (21 bytes).
    Removing fontlibs.o(.constdata), (14 bytes).
    Removing fontlibs.o(.constdata), (44 bytes).
    Removing fontlibs.o(.constdata), (18 bytes).
    Removing fontlibs.o(.constdata), (18 bytes).
    Removing fontlibs.o(.constdata), (6 bytes).
    Removing fontlibs.o(.constdata), (6 bytes).
    Removing fontlibs.o(.constdata), (16 bytes).
    Removing fontlibs.o(.constdata), (16 bytes).
    Removing fontlibs.o(.constdata), (30 bytes).
    Removing fontlibs.o(.constdata), (30 bytes).
    Removing fontlibs.o(.constdata), (48 bytes).
    Removing fontlibs.o(.constdata), (48 bytes).
    Removing fontlibs.o(.constdata), (64 bytes).
    Removing fontlibs.o(.constdata), (168 bytes).
    Removing fontlibs.o(.constdata), (62 bytes).
    Removing ug2864driver.o(.rev16_text), (4 bytes).
    Removing ug2864driver.o(.revsh_text), (4 bytes).
    Removing ug2864driver.o(i.UG2864_ClearRegion), (138 bytes).
    Removing ug2864driver.o(i.UG2864_Continuous_Scroll), (82 bytes).
    Removing ug2864driver.o(i.UG2864_Deactivate_Scroll), (10 bytes).
    Removing ug2864driver.o(i.UG2864_Delay), (48 bytes).
    Removing ug2864driver.o(i.UG2864_Display), (160 bytes).
    Removing ug2864driver.o(i.UG2864_Fill_RAM), (44 bytes).
    Removing ug2864driver.o(i.UG2864_Horizontal_Scroll), (60 bytes).
    Removing ug2864driver.o(i.UG2864_OLED_Init), (120 bytes).
    Removing ug2864driver.o(i.UG2864_OLED_Init_Remap), (40 bytes).
    Removing ug2864driver.o(i.UG2864_Set_Addressing_Mode), (12 bytes).
    Removing ug2864driver.o(i.UG2864_Set_Area_Brightness), (18 bytes).
    Removing ug2864driver.o(i.UG2864_Set_Area_Color), (18 bytes).
    Removing ug2864driver.o(i.UG2864_Set_Column_Address), (26 bytes).
    Removing ug2864driver.o(i.UG2864_Set_Common_Config), (20 bytes).
    Removing ug2864driver.o(i.UG2864_Set_Common_Remap), (12 bytes).
    Removing ug2864driver.o(i.UG2864_Set_Contrast_Control), (18 bytes).
    Removing ug2864driver.o(i.UG2864_Set_Dim_Mode), (38 bytes).
    Removing ug2864driver.o(i.UG2864_Set_Display_Clock), (18 bytes).
    Removing ug2864driver.o(i.UG2864_Set_Display_Offset), (18 bytes).
    Removing ug2864driver.o(i.UG2864_Set_Display_On_Off), (12 bytes).
    Removing ug2864driver.o(i.UG2864_Set_Entire_Display), (12 bytes).
    Removing ug2864driver.o(i.UG2864_Set_Inverse_Display), (12 bytes).
    Removing ug2864driver.o(i.UG2864_Set_Master_Config), (20 bytes).
    Removing ug2864driver.o(i.UG2864_Set_Multiplex_Ratio), (18 bytes).
    Removing ug2864driver.o(i.UG2864_Set_NOP), (10 bytes).
    Removing ug2864driver.o(i.UG2864_Set_Page_Address), (26 bytes).
    Removing ug2864driver.o(i.UG2864_Set_Precharge_Period), (18 bytes).
    Removing ug2864driver.o(i.UG2864_Set_Pump), (18 bytes).
    Removing ug2864driver.o(i.UG2864_Set_Read_Modify_Write), (12 bytes).
    Removing ug2864driver.o(i.UG2864_Set_Segment_Remap), (12 bytes).
    Removing ug2864driver.o(i.UG2864_Set_Start_Column), (22 bytes).
    Removing ug2864driver.o(i.UG2864_Set_Start_Line), (12 bytes).
    Removing ug2864driver.o(i.UG2864_Set_Start_Page), (12 bytes).
    Removing ug2864driver.o(i.UG2864_Set_VCOMH), (18 bytes).
    Removing ug2864driver.o(i.UG2864_Show_ASCII), (58 bytes).
    Removing ug2864driver.o(i.UG2864_Show_Pattern), (58 bytes).
    Removing ug2864driver.o(i.UG2864_Write_Command), (40 bytes).
    Removing ug2864driver.o(i.UG2864_Write_Data), (40 bytes).
    Removing ug2864driver.o(.constdata), (262 bytes).
    Removing segleddriver.o(.rev16_text), (4 bytes).
    Removing segleddriver.o(.revsh_text), (4 bytes).
    Removing segleddriver.o(i.disp), (2 bytes).
    Removing segleddriver.o(i.dispInit), (12 bytes).
    Removing segleddriver.o(.bss), (1720 bytes).
    Removing bluetoothdriver.o(.rev16_text), (4 bytes).
    Removing bluetoothdriver.o(.revsh_text), (4 bytes).
    Removing bluetoothdriver.o(i.BLE_IsConnect), (12 bytes).
    Removing bluetoothdriver.o(i.BLE_SetRxState), (26 bytes).
    Removing buzzdriver.o(.rev16_text), (4 bytes).
    Removing buzzdriver.o(.revsh_text), (4 bytes).
    Removing buzzdriver.o(i.Buzz_Speaker), (108 bytes).
    Removing segger_rtt.o(i.SEGGER_RTT_AllocDownBuffer), (100 bytes).
    Removing segger_rtt.o(i.SEGGER_RTT_AllocUpBuffer), (100 bytes).
    Removing segger_rtt.o(i.SEGGER_RTT_ConfigDownBuffer), (92 bytes).
    Removing segger_rtt.o(i.SEGGER_RTT_ConfigUpBuffer), (92 bytes).
    Removing segger_rtt.o(i.SEGGER_RTT_GetKey), (28 bytes).
    Removing segger_rtt.o(i.SEGGER_RTT_HasData), (20 bytes).
    Removing segger_rtt.o(i.SEGGER_RTT_HasKey), (36 bytes).
    Removing segger_rtt.o(i.SEGGER_RTT_Init), (8 bytes).
    Removing segger_rtt.o(i.SEGGER_RTT_Read), (24 bytes).
    Removing segger_rtt.o(i.SEGGER_RTT_ReadNoLock), (128 bytes).
    Removing segger_rtt.o(i.SEGGER_RTT_SetNameDownBuffer), (64 bytes).
    Removing segger_rtt.o(i.SEGGER_RTT_SetNameUpBuffer), (64 bytes).
    Removing segger_rtt.o(i.SEGGER_RTT_SetTerminal), (132 bytes).
    Removing segger_rtt.o(i.SEGGER_RTT_TerminalOut), (172 bytes).
    Removing segger_rtt.o(i.SEGGER_RTT_WaitKey), (12 bytes).
    Removing segger_rtt.o(i.SEGGER_RTT_Write), (52 bytes).
    Removing segger_rtt.o(i.SEGGER_RTT_WriteNoLock), (92 bytes).
    Removing segger_rtt.o(i.SEGGER_RTT_WriteSkipNoLock), (136 bytes).
    Removing segger_rtt.o(i.SEGGER_RTT_WriteString), (24 bytes).
    Removing segger_rtt.o(i.SEGGER_RTT_WriteWithOverwriteNoLock), (148 bytes).
    Removing segger_rtt.o(i._DoInit), (108 bytes).
    Removing segger_rtt.o(i._GetAvailWriteSpace), (22 bytes).
    Removing segger_rtt.o(i._PostTerminalSwitch), (32 bytes).
    Removing segger_rtt.o(i._WriteBlocking), (96 bytes).
    Removing segger_rtt.o(i._WriteNoCheck), (60 bytes).
    Removing segger_rtt.o(.bss), (1040 bytes).
    Removing segger_rtt.o(.data), (17 bytes).
    Removing segger_rtt_printf.o(i.SEGGER_RTT_printf), (24 bytes).
    Removing segger_rtt_printf.o(i.SEGGER_RTT_vprintf), (404 bytes).
    Removing segger_rtt_printf.o(i._PrintInt), (200 bytes).
    Removing segger_rtt_printf.o(i._PrintUnsigned), (216 bytes).
    Removing segger_rtt_printf.o(i._StoreChar), (62 bytes).
    Removing segger_rtt_printf.o(.constdata), (16 bytes).
    Removing segger_rtt_syscalls_keil.o(i._sys_close), (4 bytes).
    Removing segger_rtt_syscalls_keil.o(i._sys_command_string), (2 bytes).
    Removing segger_rtt_syscalls_keil.o(i._sys_ensure), (6 bytes).
    Removing segger_rtt_syscalls_keil.o(i._sys_exit), (2 bytes).
    Removing segger_rtt_syscalls_keil.o(i._sys_flen), (4 bytes).
    Removing segger_rtt_syscalls_keil.o(i._sys_istty), (16 bytes).
    Removing segger_rtt_syscalls_keil.o(i._sys_open), (52 bytes).
    Removing segger_rtt_syscalls_keil.o(i._sys_read), (4 bytes).
    Removing segger_rtt_syscalls_keil.o(i._sys_seek), (4 bytes).
    Removing segger_rtt_syscalls_keil.o(i._sys_tmpnam), (4 bytes).
    Removing segger_rtt_syscalls_keil.o(i._sys_write), (28 bytes).
    Removing segger_rtt_syscalls_keil.o(i._ttywrch), (20 bytes).
    Removing segger_rtt_syscalls_keil.o(.constdata), (14 bytes).
    Removing trace.o(.rev16_text), (4 bytes).
    Removing trace.o(.revsh_text), (4 bytes).
    Removing retarget_io.o(i.__aeabi_assert), (140 bytes).
    Removing retarget_io.o(i.__backspace), (6 bytes).
    Removing retarget_io.o(i.abort), (2 bytes).
    Removing retarget_io.o(i.fgetc), (6 bytes).
    Removing retarget_io.o(i.fputc), (20 bytes).
    Removing fdiv.o(.text), (124 bytes).
    Removing ffltui.o(.text), (14 bytes).
    Removing ffixui.o(.text), (40 bytes).
    Removing dadd.o(.text), (356 bytes).
    Removing dfixul.o(.text), (64 bytes).
    Removing cdrcmple.o(.text), (40 bytes).

431 unused section(s) (total 30826 bytes) removed from the image.

==============================================================================

Adding Veneers to the image

    Adding TT veneer (12 bytes, Long) for call to 'Flash_ConfigRCTC' from system_tcasxxx.o(i.SystemConfigFlash).

1 Veneer(s) (total 12 bytes) added to the image.

==============================================================================

Image Symbol Table

    Local Symbols

    Symbol Name                              Value     Ov Type        Size  Object(Section)

    ../clib/microlib/division.c              0x00000000   Number         0  uidiv.o ABSOLUTE
    ../clib/microlib/division.c              0x00000000   Number         0  idiv.o ABSOLUTE
    ../clib/microlib/division.c              0x00000000   Number         0  uldiv.o ABSOLUTE
    ../clib/microlib/longlong.c              0x00000000   Number         0  llsshr.o ABSOLUTE
    ../clib/microlib/longlong.c              0x00000000   Number         0  llshl.o ABSOLUTE
    ../clib/microlib/longlong.c              0x00000000   Number         0  llushr.o ABSOLUTE
    ../clib/microlib/printf/printf.c         0x00000000   Number         0  printf0.o ABSOLUTE
    ../clib/microlib/printf/printf.c         0x00000000   Number         0  printfb.o ABSOLUTE
    ../clib/microlib/printf/printf.c         0x00000000   Number         0  printf2.o ABSOLUTE
    ../clib/microlib/printf/printf.c         0x00000000   Number         0  printf3.o ABSOLUTE
    ../clib/microlib/printf/printf.c         0x00000000   Number         0  printf1.o ABSOLUTE
    ../clib/microlib/printf/printf.c         0x00000000   Number         0  printf4.o ABSOLUTE
    ../clib/microlib/printf/printf.c         0x00000000   Number         0  printf5.o ABSOLUTE
    ../clib/microlib/printf/printf.c         0x00000000   Number         0  printf6.o ABSOLUTE
    ../clib/microlib/printf/printf.c         0x00000000   Number         0  printf7.o ABSOLUTE
    ../clib/microlib/printf/printf.c         0x00000000   Number         0  printf8.o ABSOLUTE
    ../clib/microlib/printf/printf.c         0x00000000   Number         0  printfa.o ABSOLUTE
    ../clib/microlib/stdio/fflush.c          0x00000000   Number         0  fflush.o ABSOLUTE
    ../clib/microlib/stdio/fputs.c           0x00000000   Number         0  fputs_e.o ABSOLUTE
    ../clib/microlib/stdio/fputs.c           0x00000000   Number         0  fputs.o ABSOLUTE
    ../clib/microlib/stdio/streams.c         0x00000000   Number         0  stderr.o ABSOLUTE
    ../clib/microlib/stdio/streams.c         0x00000000   Number         0  stdout.o ABSOLUTE
    ../clib/microlib/string/memcpy.c         0x00000000   Number         0  memcpya.o ABSOLUTE
    ../clib/microlib/string/memcpy.c         0x00000000   Number         0  memcpyb.o ABSOLUTE
    ../clib/microlib/string/memcpy.c         0x00000000   Number         0  memmoveb.o ABSOLUTE
    ../clib/microlib/string/memcpy.c         0x00000000   Number         0  memmovea.o ABSOLUTE
    ../clib/microlib/string/memset.c         0x00000000   Number         0  memseta.o ABSOLUTE
    ../clib/microlib/string/strcmp.c         0x00000000   Number         0  strcmp.o ABSOLUTE
    ../clib/microlib/string/strcpy.c         0x00000000   Number         0  strcpy.o ABSOLUTE
    ../clib/microlib/string/strlen.c         0x00000000   Number         0  strlen.o ABSOLUTE
    ../clib/microlib/stubs.s                 0x00000000   Number         0  iusefp.o ABSOLUTE
    ../clib/microlib/stubs.s                 0x00000000   Number         0  useno.o ABSOLUTE
    ../fplib/microlib/fpadd.c                0x00000000   Number         0  fadd.o ABSOLUTE
    ../fplib/microlib/fpadd.c                0x00000000   Number         0  dadd.o ABSOLUTE
    ../fplib/microlib/fpdiv.c                0x00000000   Number         0  fdiv.o ABSOLUTE
    ../fplib/microlib/fpdiv.c                0x00000000   Number         0  ddiv.o ABSOLUTE
    ../fplib/microlib/fpepilogue.c           0x00000000   Number         0  depilogue.o ABSOLUTE
    ../fplib/microlib/fpepilogue.c           0x00000000   Number         0  fepilogue.o ABSOLUTE
    ../fplib/microlib/fpfix.c                0x00000000   Number         0  dfixi.o ABSOLUTE
    ../fplib/microlib/fpfix.c                0x00000000   Number         0  ffixi.o ABSOLUTE
    ../fplib/microlib/fpfix.c                0x00000000   Number         0  ffixui.o ABSOLUTE
    ../fplib/microlib/fpfix.c                0x00000000   Number         0  dfixul.o ABSOLUTE
    ../fplib/microlib/fpflt.c                0x00000000   Number         0  fflti.o ABSOLUTE
    ../fplib/microlib/fpflt.c                0x00000000   Number         0  dflti.o ABSOLUTE
    ../fplib/microlib/fpflt.c                0x00000000   Number         0  ffltui.o ABSOLUTE
    ../fplib/microlib/fpmul.c                0x00000000   Number         0  fmul.o ABSOLUTE
    ../fplib/microlib/fpmul.c                0x00000000   Number         0  dmul.o ABSOLUTE
    ..\Users\Algorithm\Spo2Interface.c       0x00000000   Number         0  spo2interface.o ABSOLUTE
    ..\Users\BlueToothDrivers\BluetoothDriver.c 0x00000000   Number         0  bluetoothdriver.o ABSOLUTE
    ..\Users\BuzzDrivers\BuzzDriver.c        0x00000000   Number         0  buzzdriver.o ABSOLUTE
    ..\Users\FuncDrivers\DefaultSetup.c      0x00000000   Number         0  defaultsetup.o ABSOLUTE
    ..\Users\FuncDrivers\LightDriver.c       0x00000000   Number         0  lightdriver.o ABSOLUTE
    ..\Users\FuncDrivers\Preprocess.c        0x00000000   Number         0  preprocess.o ABSOLUTE
    ..\Users\OledDrivers\DisplayDriver.c     0x00000000   Number         0  displaydriver.o ABSOLUTE
    ..\Users\OledDrivers\UG2864Driver.c      0x00000000   Number         0  ug2864driver.o ABSOLUTE
    ..\Users\OledDrivers\fontlibs.c          0x00000000   Number         0  fontlibs.o ABSOLUTE
    ..\Users\SegLedDrivers\SegLedDriver.c    0x00000000   Number         0  segleddriver.o ABSOLUTE
    ..\Users\SystemDriver.c                  0x00000000   Number         0  systemdriver.o ABSOLUTE
    ..\Users\main.c                          0x00000000   Number         0  main.o ABSOLUTE
    ..\\Users\\Algorithm\\Spo2Interface.c    0x00000000   Number         0  spo2interface.o ABSOLUTE
    ..\\Users\\BlueToothDrivers\\BluetoothDriver.c 0x00000000   Number         0  bluetoothdriver.o ABSOLUTE
    ..\\Users\\BuzzDrivers\\BuzzDriver.c     0x00000000   Number         0  buzzdriver.o ABSOLUTE
    ..\\Users\\FuncDrivers\\DefaultSetup.c   0x00000000   Number         0  defaultsetup.o ABSOLUTE
    ..\\Users\\FuncDrivers\\LightDriver.c    0x00000000   Number         0  lightdriver.o ABSOLUTE
    ..\\Users\\FuncDrivers\\Preprocess.c     0x00000000   Number         0  preprocess.o ABSOLUTE
    ..\\Users\\OledDrivers\\DisplayDriver.c  0x00000000   Number         0  displaydriver.o ABSOLUTE
    ..\\Users\\OledDrivers\\UG2864Driver.c   0x00000000   Number         0  ug2864driver.o ABSOLUTE
    ..\\Users\\SegLedDrivers\\SegLedDriver.c 0x00000000   Number         0  segleddriver.o ABSOLUTE
    ..\\Users\\SystemDriver.c                0x00000000   Number         0  systemdriver.o ABSOLUTE
    ..\\Users\\main.c                        0x00000000   Number         0  main.o ABSOLUTE
    ..\\common\\src\\system_tcasxxx.c        0x00000000   Number         0  system_tcasxxx.o ABSOLUTE
    ..\\driver\\src\\aes.c                   0x00000000   Number         0  aes.o ABSOLUTE
    ..\\driver\\src\\cmp.c                   0x00000000   Number         0  cmp.o ABSOLUTE
    ..\\driver\\src\\delay.c                 0x00000000   Number         0  delay.o ABSOLUTE
    ..\\driver\\src\\divider.c               0x00000000   Number         0  divider.o ABSOLUTE
    ..\\driver\\src\\dma.c                   0x00000000   Number         0  dma.o ABSOLUTE
    ..\\driver\\src\\flash.c                 0x00000000   Number         0  flash.o ABSOLUTE
    ..\\driver\\src\\gpio.c                  0x00000000   Number         0  gpio.o ABSOLUTE
    ..\\driver\\src\\i2c.c                   0x00000000   Number         0  i2c.o ABSOLUTE
    ..\\driver\\src\\idac.c                  0x00000000   Number         0  idac.o ABSOLUTE
    ..\\driver\\src\\interrupt.c             0x00000000   Number         0  interrupt.o ABSOLUTE
    ..\\driver\\src\\lpm.c                   0x00000000   Number         0  lpm.o ABSOLUTE
    ..\\driver\\src\\lvd.c                   0x00000000   Number         0  lvd.o ABSOLUTE
    ..\\driver\\src\\op.c                    0x00000000   Number         0  op.o ABSOLUTE
    ..\\driver\\src\\rcc.c                   0x00000000   Number         0  rcc.o ABSOLUTE
    ..\\driver\\src\\rtc.c                   0x00000000   Number         0  rtc.o ABSOLUTE
    ..\\driver\\src\\saradc.c                0x00000000   Number         0  saradc.o ABSOLUTE
    ..\\driver\\src\\spi.c                   0x00000000   Number         0  spi.o ABSOLUTE
    ..\\driver\\src\\tia.c                   0x00000000   Number         0  tia.o ABSOLUTE
    ..\\driver\\src\\timer.c                 0x00000000   Number         0  timer.o ABSOLUTE
    ..\\driver\\src\\trim.c                  0x00000000   Number         0  trim.o ABSOLUTE
    ..\\driver\\src\\uart.c                  0x00000000   Number         0  uart.o ABSOLUTE
    ..\\driver\\src\\vdac.c                  0x00000000   Number         0  vdac.o ABSOLUTE
    ..\\driver\\src\\wdg.c                   0x00000000   Number         0  wdg.o ABSOLUTE
    ..\\midware\\src\\trace.c                0x00000000   Number         0  trace.o ABSOLUTE
    ..\common\src\startup_tcasxxx.s          0x00000000   Number         0  startup_tcasxxx.o ABSOLUTE
    ..\common\src\system_tcasxxx.c           0x00000000   Number         0  system_tcasxxx.o ABSOLUTE
    ..\driver\src\aes.c                      0x00000000   Number         0  aes.o ABSOLUTE
    ..\driver\src\cmp.c                      0x00000000   Number         0  cmp.o ABSOLUTE
    ..\driver\src\delay.c                    0x00000000   Number         0  delay.o ABSOLUTE
    ..\driver\src\divider.c                  0x00000000   Number         0  divider.o ABSOLUTE
    ..\driver\src\dma.c                      0x00000000   Number         0  dma.o ABSOLUTE
    ..\driver\src\flash.c                    0x00000000   Number         0  flash.o ABSOLUTE
    ..\driver\src\gpio.c                     0x00000000   Number         0  gpio.o ABSOLUTE
    ..\driver\src\i2c.c                      0x00000000   Number         0  i2c.o ABSOLUTE
    ..\driver\src\idac.c                     0x00000000   Number         0  idac.o ABSOLUTE
    ..\driver\src\interrupt.c                0x00000000   Number         0  interrupt.o ABSOLUTE
    ..\driver\src\lpm.c                      0x00000000   Number         0  lpm.o ABSOLUTE
    ..\driver\src\lvd.c                      0x00000000   Number         0  lvd.o ABSOLUTE
    ..\driver\src\op.c                       0x00000000   Number         0  op.o ABSOLUTE
    ..\driver\src\rcc.c                      0x00000000   Number         0  rcc.o ABSOLUTE
    ..\driver\src\rtc.c                      0x00000000   Number         0  rtc.o ABSOLUTE
    ..\driver\src\saradc.c                   0x00000000   Number         0  saradc.o ABSOLUTE
    ..\driver\src\spi.c                      0x00000000   Number         0  spi.o ABSOLUTE
    ..\driver\src\tia.c                      0x00000000   Number         0  tia.o ABSOLUTE
    ..\driver\src\timer.c                    0x00000000   Number         0  timer.o ABSOLUTE
    ..\driver\src\trim.c                     0x00000000   Number         0  trim.o ABSOLUTE
    ..\driver\src\uart.c                     0x00000000   Number         0  uart.o ABSOLUTE
    ..\driver\src\vdac.c                     0x00000000   Number         0  vdac.o ABSOLUTE
    ..\driver\src\wdg.c                      0x00000000   Number         0  wdg.o ABSOLUTE
    ..\midware\RTT\SEGGER_RTT.c              0x00000000   Number         0  segger_rtt.o ABSOLUTE
    ..\midware\RTT\SEGGER_RTT_Syscalls_KEIL.c 0x00000000   Number         0  segger_rtt_syscalls_keil.o ABSOLUTE
    ..\midware\RTT\SEGGER_RTT_printf.c       0x00000000   Number         0  segger_rtt_printf.o ABSOLUTE
    ..\midware\src\trace.c                   0x00000000   Number         0  trace.o ABSOLUTE
    C:\Users\longten\AppData\Local\Arm\Packs\Keil\ARM_Compiler\1.6.2\Source\retarget_io.c 0x00000000   Number         0  retarget_io.o ABSOLUTE
    cdrcmple.s                               0x00000000   Number         0  cdrcmple.o ABSOLUTE
    dc.s                                     0x00000000   Number         0  dc.o ABSOLUTE
    .jump_table_mem_area                     0x00004000   Section       32  interrupt.o(.jump_table_mem_area)
    RAMCODE                                  0x00004020   Section        0  flash.o(RAMCODE)
    .data                                    0x00004114   Section       36  interrupt.o(.data)
    gSrtCnt                                  0x00004114   Data           1  interrupt.o(.data)
    sBuzzSet                                 0x00004115   Data           1  interrupt.o(.data)
    sSecCnt                                  0x00004116   Data           1  interrupt.o(.data)
    sCellSpan                                0x00004118   Data           2  interrupt.o(.data)
    sSpo2Span                                0x0000411a   Data           2  interrupt.o(.data)
    gDrvCur                                  0x0000411c   Data           2  interrupt.o(.data)
    gSampRedAmb                              0x00004124   Data           4  interrupt.o(.data)
    gSampRedSamp                             0x00004128   Data           4  interrupt.o(.data)
    gSampIrdAmb                              0x0000412c   Data           4  interrupt.o(.data)
    gSampIrdSamp                             0x00004130   Data           4  interrupt.o(.data)
    gSampVolt                                0x00004134   Data           4  interrupt.o(.data)
    .data                                    0x00004138   Section        4  system_tcasxxx.o(.data)
    .data                                    0x0000413c   Section        6  lightdriver.o(.data)
    sProbeFlag                               0x0000413c   Data           1  lightdriver.o(.data)
    sOffDelay                                0x0000413d   Data           1  lightdriver.o(.data)
    .data                                    0x00004142   Section        4  preprocess.o(.data)
    sOriPos                                  0x00004144   Data           2  preprocess.o(.data)
    .data                                    0x00004146   Section       20  displaydriver.o(.data)
    sBlink                                   0x00004146   Data           1  displaydriver.o(.data)
    sPreIndex                                0x00004147   Data           1  displaydriver.o(.data)
    sUpdatePos                               0x00004148   Data           1  displaydriver.o(.data)
    sDelay                                   0x00004149   Data           1  displaydriver.o(.data)
    sBlink                                   0x0000414a   Data           1  displaydriver.o(.data)
    sOffCnt                                  0x0000414b   Data           1  displaydriver.o(.data)
    oldProbeOff                              0x0000414c   Data           1  displaydriver.o(.data)
    showBleLogo                              0x0000414d   Data           1  displaydriver.o(.data)
    oldKeyVal                                0x0000414e   Data           1  displaydriver.o(.data)
    .data                                    0x0000415a   Section        6  buzzdriver.o(.data)
    .bss                                     0x00004160   Section       24  defaultsetup.o(.bss)
    .bss                                     0x00004178   Section      108  lightdriver.o(.bss)
    .bss                                     0x000041e4   Section       32  preprocess.o(.bss)
    .bss                                     0x00004204   Section     1036  preprocess.o(.bss)
    sDatBuf                                  0x000045f0   Data          32  preprocess.o(.bss)
    .bss                                     0x00004610   Section      170  displaydriver.o(.bss)
    .bss                                     0x000046ba   Section       16  displaydriver.o(.bss)
    .ARM.__AT_0x00004800                     0x00004800   Section      120  segger_rtt.o(.ARM.__AT_0x00004800)
    STACK                                    0x00004878   Section     1024  startup_tcasxxx.o(STACK)
    RESET                                    0x10000000   Section       76  startup_tcasxxx.o(RESET)
    .text                                    0x1000004c   Section       72  startup_tcasxxx.o(.text)
    .text                                    0x10000094   Section        0  uidiv.o(.text)
    .text                                    0x100000c0   Section        0  idiv.o(.text)
    .text                                    0x100000e8   Section        0  memmovea.o(.text)
    .text                                    0x10000128   Section        0  memseta.o(.text)
    .text                                    0x1000014c   Section        0  fadd.o(.text)
    .text                                    0x100001fe   Section        0  fmul.o(.text)
    .text                                    0x10000278   Section        0  dmul.o(.text)
    .text                                    0x10000348   Section        0  ddiv.o(.text)
    .text                                    0x10000438   Section        0  fflti.o(.text)
    .text                                    0x10000450   Section        0  dflti.o(.text)
    .text                                    0x10000478   Section        0  ffixi.o(.text)
    .text                                    0x100004ac   Section        0  dfixi.o(.text)
    .text                                    0x100004f4   Section        0  llushr.o(.text)
    .text                                    0x10000516   Section        0  iusefp.o(.text)
    .text                                    0x10000516   Section        0  fepilogue.o(.text)
    .text                                    0x10000598   Section        0  depilogue.o(.text)
    .text                                    0x10000656   Section        0  llshl.o(.text)
    i.ADT_StartTimer                         0x10000684   Section        0  timer.o(i.ADT_StartTimer)
    i.Cmp_CLKConfig                          0x10000690   Section        0  cmp.o(i.Cmp_CLKConfig)
    i.Cmp_Enable                             0x100006e8   Section        0  cmp.o(i.Cmp_Enable)
    i.Cmp_Init                               0x10000708   Section        0  cmp.o(i.Cmp_Init)
    i.Cmp_VrefConfig                         0x100008c4   Section        0  cmp.o(i.Cmp_VrefConfig)
    i.CopyDataRWtoImage                      0x10000964   Section        0  system_tcasxxx.o(i.CopyDataRWtoImage)
    i.DMA_Init                               0x10000998   Section        0  dma.o(i.DMA_Init)
    i.DMA_StartChannel                       0x100009e0   Section        0  dma.o(i.DMA_StartChannel)
    i.DelayForCommandExeDone                 0x100009f8   Section        0  delay.o(i.DelayForCommandExeDone)
    i.GPIO_ClearBits                         0x10000a1a   Section        0  gpio.o(i.GPIO_ClearBits)
    i.GPIO_ClrAFMode                         0x10000a3a   Section        0  gpio.o(i.GPIO_ClrAFMode)
    i.GPIO_Init                              0x10000a52   Section        0  gpio.o(i.GPIO_Init)
    i.GPIO_PinMuxAdrMap                      0x10000b34   Section        0  gpio.o(i.GPIO_PinMuxAdrMap)
    GPIO_PinMuxAdrMap                        0x10000b35   Thumb Code    74  gpio.o(i.GPIO_PinMuxAdrMap)
    i.GPIO_RegisterMap                       0x10000b88   Section        0  gpio.o(i.GPIO_RegisterMap)
    GPIO_RegisterMap                         0x10000b89   Thumb Code    80  gpio.o(i.GPIO_RegisterMap)
    i.GPIO_SetAFMode                         0x10000be0   Section        0  gpio.o(i.GPIO_SetAFMode)
    i.GPIO_SetBits                           0x10000c12   Section        0  gpio.o(i.GPIO_SetBits)
    i.HardFault_Handler                      0x10000c32   Section        0  interrupt.o(i.HardFault_Handler)
    i.IC_PowupInit                           0x10000c34   Section        0  interrupt.o(i.IC_PowupInit)
    i.IWDG_ClearITPending                    0x10000c7c   Section        0  wdg.o(i.IWDG_ClearITPending)
    i.IWDG_Enable                            0x10000ca4   Section        0  wdg.o(i.IWDG_Enable)
    i.IWDG_GetITFlag                         0x10000cb4   Section        0  wdg.o(i.IWDG_GetITFlag)
    i.IwdgCallback                           0x10000ce0   Section        0  systemdriver.o(i.IwdgCallback)
    i.Light_AdaptBaselineSet                 0x10000d18   Section        0  lightdriver.o(i.Light_AdaptBaselineSet)
    i.Light_AdjustDrive                      0x10000e14   Section        0  lightdriver.o(i.Light_AdjustDrive)
    i.Light_ProbeDriveAdjust                 0x10000f64   Section        0  lightdriver.o(i.Light_ProbeDriveAdjust)
    i.Light_StatSampleACVariety              0x10001070   Section        0  lightdriver.o(i.Light_StatSampleACVariety)
    Light_StatSampleACVariety                0x10001071   Thumb Code   606  lightdriver.o(i.Light_StatSampleACVariety)
    i.NMI_Handler                            0x100012dc   Section        0  interrupt.o(i.NMI_Handler)
    i.OP2_OutPadConfig                       0x100012e0   Section        0  op.o(i.OP2_OutPadConfig)
    i.OP2_VinPadConfig                       0x100012f8   Section        0  op.o(i.OP2_VinPadConfig)
    i.OP2_VipPadConfig                       0x10001310   Section        0  op.o(i.OP2_VipPadConfig)
    i.OPA_Enable                             0x10001328   Section        0  op.o(i.OPA_Enable)
    i.OPA_Init                               0x1000134c   Section        0  op.o(i.OPA_Init)
    i.PendSV_Handler                         0x10001440   Section        0  interrupt.o(i.PendSV_Handler)
    i.PeripheralsRxDmaConfig                 0x10001444   Section        0  dma.o(i.PeripheralsRxDmaConfig)
    i.PrintInit                              0x100014bc   Section        0  trace.o(i.PrintInit)
    i.Process_FixedSmoothFilter              0x100014c0   Section        0  preprocess.o(i.Process_FixedSmoothFilter)
    Process_FixedSmoothFilter                0x100014c1   Thumb Code   260  preprocess.o(i.Process_FixedSmoothFilter)
    i.Process_LowPassFiltFIR                 0x100015d0   Section        0  preprocess.o(i.Process_LowPassFiltFIR)
    Process_LowPassFiltFIR                   0x100015d1   Thumb Code   186  preprocess.o(i.Process_LowPassFiltFIR)
    i.Process_ResampleSignal                 0x10001694   Section        0  preprocess.o(i.Process_ResampleSignal)
    Process_ResampleSignal                   0x10001695   Thumb Code   184  preprocess.o(i.Process_ResampleSignal)
    i.Process_SampleData                     0x10001758   Section        0  preprocess.o(i.Process_SampleData)
    i.SVC_Handler                            0x10001808   Section        0  interrupt.o(i.SVC_Handler)
    i.SYS_ADC_Init                           0x1000180c   Section        0  systemdriver.o(i.SYS_ADC_Init)
    SYS_ADC_Init                             0x1000180d   Thumb Code   232  systemdriver.o(i.SYS_ADC_Init)
    i.SYS_GPIO_Init                          0x10001908   Section        0  systemdriver.o(i.SYS_GPIO_Init)
    SYS_GPIO_Init                            0x10001909   Thumb Code   384  systemdriver.o(i.SYS_GPIO_Init)
    i.SYS_Hardware_Init                      0x10001a94   Section        0  systemdriver.o(i.SYS_Hardware_Init)
    i.SYS_Interrupt_Enable                   0x10001b2c   Section        0  systemdriver.o(i.SYS_Interrupt_Enable)
    i.SYS_OPA_Init                           0x10001b84   Section        0  systemdriver.o(i.SYS_OPA_Init)
    SYS_OPA_Init                             0x10001b85   Thumb Code   136  systemdriver.o(i.SYS_OPA_Init)
    i.SetTimer                               0x10001c0c   Section        0  timer.o(i.SetTimer)
    i.SysCheckTrimValid                      0x10001c84   Section        0  system_tcasxxx.o(i.SysCheckTrimValid)
    i.SysTick_Handler                        0x10001cd4   Section        0  interrupt.o(i.SysTick_Handler)
    i.SystemConfigFlash                      0x10001cd8   Section        0  system_tcasxxx.o(i.SystemConfigFlash)
    i.SystemCoreClockUpdate                  0x10001cf8   Section        0  system_tcasxxx.o(i.SystemCoreClockUpdate)
    i.SystemCoreSwitchHclkSrc                0x10001d08   Section        0  system_tcasxxx.o(i.SystemCoreSwitchHclkSrc)
    i.SystemGetHClkFreq                      0x10001d64   Section        0  system_tcasxxx.o(i.SystemGetHClkFreq)
    i.SystemInit                             0x10001dcc   Section        0  system_tcasxxx.o(i.SystemInit)
    i.TCmain                                 0x10001e34   Section        0  main.o(i.TCmain)
    i.Tia_Enable                             0x10001e50   Section        0  tia.o(i.Tia_Enable)
    i.Tia_Init                               0x10001e60   Section        0  tia.o(i.Tia_Init)
    i.TriggerSARAdcStart                     0x10001f34   Section        0  saradc.o(i.TriggerSARAdcStart)
    i.__ARM_clz                              0x10001f54   Section        0  depilogue.o(i.__ARM_clz)
    i.__ARM_common_switch8                   0x10001f82   Section        0  lpm.o(i.__ARM_common_switch8)
    i.__NVIC_ClearPendingIRQ                 0x10001f9c   Section        0  interrupt.o(i.__NVIC_ClearPendingIRQ)
    __NVIC_ClearPendingIRQ                   0x10001f9d   Thumb Code    18  interrupt.o(i.__NVIC_ClearPendingIRQ)
    i.__NVIC_EnableIRQ                       0x10001fb4   Section        0  systemdriver.o(i.__NVIC_EnableIRQ)
    __NVIC_EnableIRQ                         0x10001fb5   Thumb Code    18  systemdriver.o(i.__NVIC_EnableIRQ)
    i.__NVIC_SetPendingIRQ                   0x10001fcc   Section        0  interrupt.o(i.__NVIC_SetPendingIRQ)
    __NVIC_SetPendingIRQ                     0x10001fcd   Thumb Code    18  interrupt.o(i.__NVIC_SetPendingIRQ)
    i.__NVIC_SetPriority                     0x10001fe4   Section        0  systemdriver.o(i.__NVIC_SetPriority)
    __NVIC_SetPriority                       0x10001fe5   Thumb Code    60  systemdriver.o(i.__NVIC_SetPriority)
    i.aic_IRQHandler                         0x10002028   Section        0  interrupt.o(i.aic_IRQHandler)
    i.delay1ms                               0x100020e4   Section        0  delay.o(i.delay1ms)
    i.fic_IRQHandler                         0x10002130   Section        0  interrupt.o(i.fic_IRQHandler)
    i.lic_IRQHandler                         0x1000235c   Section        0  interrupt.o(i.lic_IRQHandler)
    .constdata                               0x1000238c   Section       32  op.o(.constdata)
    .constdata                               0x100023ac   Section       96  preprocess.o(.constdata)

    Global Symbols

    Symbol Name                              Value     Ov Type        Size  Object(Section)

    BuildAttributes$$THM_ISAv3M$S$PE$A:L22$X:L11$S22$IEEE1$IW$USESV6$~STKCKD$USESV7$~SHL$OTIME$ROPI$EBA8$MICROLIB$REQ8$PRES8$EABIv2 0x00000000   Number         0  anon$$obj.o ABSOLUTE
    __use_no_errno                           0x00000000   Number         0  useno.o ABSOLUTE
    __use_no_exception_handling              0x00000000   Number         0  useno.o ABSOLUTE
    __use_no_fp                              0x00000000   Number         0  useno.o ABSOLUTE
    __use_no_heap                            0x00000000   Number         0  useno.o ABSOLUTE
    __use_no_heap_region                     0x00000000   Number         0  useno.o ABSOLUTE
    __use_no_semihosting                     0x00000000   Number         0  useno.o ABSOLUTE
    __use_no_semihosting_swi                 0x00000000   Number         0  useno.o ABSOLUTE
    __use_no_signal_handling                 0x00000000   Number         0  useno.o ABSOLUTE
    __Vectors_Size                           0x0000004c   Number         0  startup_tcasxxx.o ABSOLUTE
    Image$$RW_IRAM1$$Length                  0x00000140   Number         0  anon$$obj.o ABSOLUTE
    jump_table_base                          0x00004000   Data          32  interrupt.o(.jump_table_mem_area)
    Flash_ConfigRCTC                         0x00004021   Thumb Code    16  flash.o(RAMCODE)
    Image$$RW_IRAM1$$Base                    0x00004020   Number         0  anon$$obj.o ABSOLUTE
    Flash_Erase                              0x00004031   Thumb Code    46  flash.o(RAMCODE)
    Flash_Write                              0x0000405f   Thumb Code    28  flash.o(RAMCODE)
    NVR_Erase                                0x0000407b   Thumb Code    96  flash.o(RAMCODE)
    NVR_Write                                0x000040db   Thumb Code    50  flash.o(RAMCODE)
    gSumVal                                  0x00004120   Data           4  interrupt.o(.data)
    SystemCoreClock                          0x00004138   Data           4  system_tcasxxx.o(.data)
    gDriveRed                                0x0000413e   Data           2  lightdriver.o(.data)
    gDriveIrd                                0x00004140   Data           2  lightdriver.o(.data)
    is_new_sample_ready                      0x00004142   Data           1  preprocess.o(.data)
    gInitCnt                                 0x00004143   Data           1  preprocess.o(.data)
    gCellVolt                                0x00004150   Data           2  displaydriver.o(.data)
    gKeyCtrl                                 0x00004152   Data           8  displaydriver.o(.data)
    gBeepCtrl                                0x0000415a   Data           6  buzzdriver.o(.data)
    Image$$RW_IRAM1$$ZI$$Base                0x00004160   Number         0  anon$$obj.o ABSOLUTE
    gCfgCtrl                                 0x00004160   Data          24  defaultsetup.o(.bss)
    gCtrlRed                                 0x00004178   Data          16  lightdriver.o(.bss)
    gCtrlIrd                                 0x00004188   Data          16  lightdriver.o(.bss)
    gAdptRed                                 0x00004198   Data          16  lightdriver.o(.bss)
    gAdptIrd                                 0x000041a8   Data          16  lightdriver.o(.bss)
    gFluCtrl                                 0x000041b8   Data          44  lightdriver.o(.bss)
    gDmaAdcBuf                               0x000041e4   Data          32  preprocess.o(.bss)
    gSampArray                               0x00004204   Data          24  preprocess.o(.bss)
    gFirBuf                                  0x0000421c   Data         384  preprocess.o(.bss)
    gSmoCtrl                                 0x0000439c   Data         596  preprocess.o(.bss)
    gMenuBuf                                 0x00004610   Data         120  displaydriver.o(.bss)
    gGuiCtrl                                 0x00004688   Data          20  displaydriver.o(.bss)
    gAlmCtrl                                 0x0000469c   Data          12  displaydriver.o(.bss)
    gSatParam                                0x000046a8   Data          18  displaydriver.o(.bss)
    gSatSamp                                 0x000046ba   Data          16  displaydriver.o(.bss)
    _SEGGER_RTT                              0x00004800   Data         120  segger_rtt.o(.ARM.__AT_0x00004800)
    Image$$RW_IRAM1$$ZI$$Limit               0x00004c78   Number         0  anon$$obj.o ABSOLUTE
    __initial_sp                             0x00004c78   Data           0  startup_tcasxxx.o(STACK)
    __Vectors                                0x10000000   Data           4  startup_tcasxxx.o(RESET)
    Reset_Handler                            0x1000004d   Thumb Code    28  startup_tcasxxx.o(.text)
    __Vectors_End                            0x1000004c   Data           0  startup_tcasxxx.o(RESET)
    __aeabi_uidiv                            0x10000095   Thumb Code     0  uidiv.o(.text)
    __aeabi_uidivmod                         0x10000095   Thumb Code    44  uidiv.o(.text)
    __aeabi_idiv                             0x100000c1   Thumb Code     0  idiv.o(.text)
    __aeabi_idivmod                          0x100000c1   Thumb Code    40  idiv.o(.text)
    ___aeabi_memcpy8$move                    0x100000e9   Thumb Code     0  memmovea.o(.text)
    __aeabi_memcpy                           0x100000e9   Thumb Code    64  memmovea.o(.text)
    __aeabi_memcpy4                          0x100000e9   Thumb Code     0  memmovea.o(.text)
    __aeabi_memmove                          0x100000e9   Thumb Code     0  memmovea.o(.text)
    __aeabi_memmove4                         0x100000e9   Thumb Code     0  memmovea.o(.text)
    __aeabi_memmove8                         0x100000e9   Thumb Code     0  memmovea.o(.text)
    __aeabi_memset                           0x10000129   Thumb Code    14  memseta.o(.text)
    __aeabi_memset4                          0x10000129   Thumb Code     0  memseta.o(.text)
    __aeabi_memset8                          0x10000129   Thumb Code     0  memseta.o(.text)
    __aeabi_memclr                           0x10000137   Thumb Code     4  memseta.o(.text)
    __aeabi_memclr4                          0x10000137   Thumb Code     0  memseta.o(.text)
    __aeabi_memclr8                          0x10000137   Thumb Code     0  memseta.o(.text)
    _memset$wrapper                          0x1000013b   Thumb Code    18  memseta.o(.text)
    __aeabi_fadd                             0x1000014d   Thumb Code   162  fadd.o(.text)
    __aeabi_fsub                             0x100001ef   Thumb Code     8  fadd.o(.text)
    __aeabi_frsub                            0x100001f7   Thumb Code     8  fadd.o(.text)
    __aeabi_fmul                             0x100001ff   Thumb Code   122  fmul.o(.text)
    __aeabi_dmul                             0x10000279   Thumb Code   202  dmul.o(.text)
    __aeabi_ddiv                             0x10000349   Thumb Code   234  ddiv.o(.text)
    __aeabi_i2f                              0x10000439   Thumb Code    22  fflti.o(.text)
    __aeabi_i2d                              0x10000451   Thumb Code    34  dflti.o(.text)
    __aeabi_f2iz                             0x10000479   Thumb Code    50  ffixi.o(.text)
    __aeabi_d2iz                             0x100004ad   Thumb Code    62  dfixi.o(.text)
    __aeabi_llsr                             0x100004f5   Thumb Code    34  llushr.o(.text)
    _ll_ushift_r                             0x100004f5   Thumb Code     0  llushr.o(.text)
    __I$use$fp                               0x10000517   Thumb Code     0  iusefp.o(.text)
    _float_round                             0x10000517   Thumb Code    16  fepilogue.o(.text)
    _float_epilogue                          0x10000527   Thumb Code   114  fepilogue.o(.text)
    _double_round                            0x10000599   Thumb Code    26  depilogue.o(.text)
    _double_epilogue                         0x100005b3   Thumb Code   164  depilogue.o(.text)
    __aeabi_llsl                             0x10000657   Thumb Code    32  llshl.o(.text)
    _ll_shift_l                              0x10000657   Thumb Code     0  llshl.o(.text)
    Long Thumb to Thumb Veneer to Flash_ConfigRCTC 0x10000679   Thumb Code    12  anon$$obj.o(Veneer$$Code)
    ADT_StartTimer                           0x10000685   Thumb Code    12  timer.o(i.ADT_StartTimer)
    Cmp_CLKConfig                            0x10000691   Thumb Code    76  cmp.o(i.Cmp_CLKConfig)
    Cmp_Enable                               0x100006e9   Thumb Code    28  cmp.o(i.Cmp_Enable)
    Cmp_Init                                 0x10000709   Thumb Code   434  cmp.o(i.Cmp_Init)
    Cmp_VrefConfig                           0x100008c5   Thumb Code   156  cmp.o(i.Cmp_VrefConfig)
    CopyDataRWtoImage                        0x10000965   Thumb Code    38  system_tcasxxx.o(i.CopyDataRWtoImage)
    DMA_Init                                 0x10000999   Thumb Code    58  dma.o(i.DMA_Init)
    DMA_StartChannel                         0x100009e1   Thumb Code    18  dma.o(i.DMA_StartChannel)
    DelayForCommandExeDone                   0x100009f9   Thumb Code    34  delay.o(i.DelayForCommandExeDone)
    GPIO_ClearBits                           0x10000a1b   Thumb Code    32  gpio.o(i.GPIO_ClearBits)
    GPIO_ClrAFMode                           0x10000a3b   Thumb Code    24  gpio.o(i.GPIO_ClrAFMode)
    GPIO_Init                                0x10000a53   Thumb Code   224  gpio.o(i.GPIO_Init)
    GPIO_SetAFMode                           0x10000be1   Thumb Code    50  gpio.o(i.GPIO_SetAFMode)
    GPIO_SetBits                             0x10000c13   Thumb Code    32  gpio.o(i.GPIO_SetBits)
    HardFault_Handler                        0x10000c33   Thumb Code     2  interrupt.o(i.HardFault_Handler)
    IC_PowupInit                             0x10000c35   Thumb Code    36  interrupt.o(i.IC_PowupInit)
    IWDG_ClearITPending                      0x10000c7d   Thumb Code    36  wdg.o(i.IWDG_ClearITPending)
    IWDG_Enable                              0x10000ca5   Thumb Code    12  wdg.o(i.IWDG_Enable)
    IWDG_GetITFlag                           0x10000cb5   Thumb Code    38  wdg.o(i.IWDG_GetITFlag)
    IwdgCallback                             0x10000ce1   Thumb Code    46  systemdriver.o(i.IwdgCallback)
    Light_AdaptBaselineSet                   0x10000d19   Thumb Code   244  lightdriver.o(i.Light_AdaptBaselineSet)
    Light_AdjustDrive                        0x10000e15   Thumb Code   324  lightdriver.o(i.Light_AdjustDrive)
    Light_ProbeDriveAdjust                   0x10000f65   Thumb Code   248  lightdriver.o(i.Light_ProbeDriveAdjust)
    NMI_Handler                              0x100012dd   Thumb Code     2  interrupt.o(i.NMI_Handler)
    OP2_OutPadConfig                         0x100012e1   Thumb Code    18  op.o(i.OP2_OutPadConfig)
    OP2_VinPadConfig                         0x100012f9   Thumb Code    18  op.o(i.OP2_VinPadConfig)
    OP2_VipPadConfig                         0x10001311   Thumb Code    18  op.o(i.OP2_VipPadConfig)
    OPA_Enable                               0x10001329   Thumb Code    30  op.o(i.OPA_Enable)
    OPA_Init                                 0x1000134d   Thumb Code   238  op.o(i.OPA_Init)
    PendSV_Handler                           0x10001441   Thumb Code     2  interrupt.o(i.PendSV_Handler)
    PeripheralsRxDmaConfig                   0x10001445   Thumb Code   104  dma.o(i.PeripheralsRxDmaConfig)
    PrintInit                                0x100014bd   Thumb Code     2  trace.o(i.PrintInit)
    Process_SampleData                       0x10001759   Thumb Code   162  preprocess.o(i.Process_SampleData)
    SVC_Handler                              0x10001809   Thumb Code     2  interrupt.o(i.SVC_Handler)
    SYS_Hardware_Init                        0x10001a95   Thumb Code   140  systemdriver.o(i.SYS_Hardware_Init)
    SYS_Interrupt_Enable                     0x10001b2d   Thumb Code    72  systemdriver.o(i.SYS_Interrupt_Enable)
    SetTimer                                 0x10001c0d   Thumb Code   120  timer.o(i.SetTimer)
    SysCheckTrimValid                        0x10001c85   Thumb Code    70  system_tcasxxx.o(i.SysCheckTrimValid)
    SysTick_Handler                          0x10001cd5   Thumb Code     2  interrupt.o(i.SysTick_Handler)
    SystemConfigFlash                        0x10001cd9   Thumb Code    24  system_tcasxxx.o(i.SystemConfigFlash)
    SystemCoreClockUpdate                    0x10001cf9   Thumb Code    12  system_tcasxxx.o(i.SystemCoreClockUpdate)
    SystemCoreSwitchHclkSrc                  0x10001d09   Thumb Code    84  system_tcasxxx.o(i.SystemCoreSwitchHclkSrc)
    SystemGetHClkFreq                        0x10001d65   Thumb Code    72  system_tcasxxx.o(i.SystemGetHClkFreq)
    SystemInit                               0x10001dcd   Thumb Code    92  system_tcasxxx.o(i.SystemInit)
    TCmain                                   0x10001e35   Thumb Code    24  main.o(i.TCmain)
    Tia_Enable                               0x10001e51   Thumb Code    12  tia.o(i.Tia_Enable)
    Tia_Init                                 0x10001e61   Thumb Code   208  tia.o(i.Tia_Init)
    TriggerSARAdcStart                       0x10001f35   Thumb Code    26  saradc.o(i.TriggerSARAdcStart)
    __ARM_clz                                0x10001f55   Thumb Code    46  depilogue.o(i.__ARM_clz)
    __ARM_common_switch8                     0x10001f83   Thumb Code    26  lpm.o(i.__ARM_common_switch8)
    aic_IRQHandler                           0x10002029   Thumb Code   166  interrupt.o(i.aic_IRQHandler)
    delay1ms                                 0x100020e5   Thumb Code    64  delay.o(i.delay1ms)
    fic_IRQHandler                           0x10002131   Thumb Code   500  interrupt.o(i.fic_IRQHandler)
    lic_IRQHandler                           0x1000235d   Thumb Code    42  interrupt.o(i.lic_IRQHandler)
    gSampleFIR                               0x100023ac   Data          96  preprocess.o(.constdata)
    Load$$RW_IRAM1$$Base                     0x1000242c   Number         0  anon$$obj.o ABSOLUTE



==============================================================================

Memory Map of the image

  Image Entry point : 0x1000004d

  Load Region LR_IROM1 (Base: 0x10000000, Size: 0x0000256c, Max: 0x00010000, ABSOLUTE)

    Execution Region JUMP_TABLE (Exec base: 0x00004000, Load base: 0x1000240c, Size: 0x00000020, Max: 0x00000020, ABSOLUTE)

    Exec Addr    Load Addr    Size         Type   Attr      Idx    E Section Name        Object

    0x00004000   0x1000240c   0x00000020   Data   RW         1278    .jump_table_mem_area  interrupt.o


    Execution Region RW_IRAM1 (Exec base: 0x00004020, Load base: 0x1000242c, Size: 0x00000c58, Max: 0x00001fe0, ABSOLUTE)

    Exec Addr    Load Addr    Size         Type   Attr      Idx    E Section Name        Object

    0x00004020   0x1000242c   0x000000f4   Code   RO         1160    RAMCODE             flash.o
    0x00004114   0x10002520   0x00000024   Data   RW         1277    .data               interrupt.o
    0x00004138   0x10002544   0x00000004   Data   RW         2029    .data               system_tcasxxx.o
    0x0000413c   0x10002548   0x00000006   Data   RW         2150    .data               lightdriver.o
    0x00004142   0x1000254e   0x00000004   Data   RW         2210    .data               preprocess.o
    0x00004146   0x10002552   0x00000014   Data   RW         2296    .data               displaydriver.o
    0x0000415a   0x10002566   0x00000006   Data   RW         2725    .data               buzzdriver.o
    0x00004160        -       0x00000018   Zero   RW         2092    .bss                defaultsetup.o
    0x00004178        -       0x0000006c   Zero   RW         2148    .bss                lightdriver.o
    0x000041e4        -       0x00000020   Zero   RW         2207    .bss                preprocess.o
    0x00004204        -       0x0000040c   Zero   RW         2208    .bss                preprocess.o
    0x00004610        -       0x000000aa   Zero   RW         2293    .bss                displaydriver.o
    0x000046ba        -       0x00000010   Zero   RW         2294    .bss                displaydriver.o
    0x000046ca   0x1000256c   0x00000136   PAD
    0x00004800        -       0x00000078   Zero   RW         2773    .ARM.__AT_0x00004800  segger_rtt.o
    0x00004878        -       0x00000400   Zero   RW         2012    STACK               startup_tcasxxx.o


    Execution Region ER_IROM1 (Exec base: 0x10000000, Load base: 0x10000000, Size: 0x0000240c, Max: 0x00010000, ABSOLUTE)

    Exec Addr    Load Addr    Size         Type   Attr      Idx    E Section Name        Object

    0x10000000   0x10000000   0x0000004c   Data   RO         2014    RESET               startup_tcasxxx.o
    0x1000004c   0x1000004c   0x00000048   Code   RO         2015  * .text               startup_tcasxxx.o
    0x10000094   0x10000094   0x0000002c   Code   RO         3116    .text               mc_p.l(uidiv.o)
    0x100000c0   0x100000c0   0x00000028   Code   RO         3118    .text               mc_p.l(idiv.o)
    0x100000e8   0x100000e8   0x00000040   Code   RO         3122    .text               mc_p.l(memmovea.o)
    0x10000128   0x10000128   0x00000024   Code   RO         3124    .text               mc_p.l(memseta.o)
    0x1000014c   0x1000014c   0x000000b2   Code   RO         3396    .text               mf_p.l(fadd.o)
    0x100001fe   0x100001fe   0x0000007a   Code   RO         3398    .text               mf_p.l(fmul.o)
    0x10000278   0x10000278   0x000000d0   Code   RO         3402    .text               mf_p.l(dmul.o)
    0x10000348   0x10000348   0x000000f0   Code   RO         3404    .text               mf_p.l(ddiv.o)
    0x10000438   0x10000438   0x00000016   Code   RO         3406    .text               mf_p.l(fflti.o)
    0x1000044e   0x1000044e   0x00000002   PAD
    0x10000450   0x10000450   0x00000028   Code   RO         3410    .text               mf_p.l(dflti.o)
    0x10000478   0x10000478   0x00000032   Code   RO         3412    .text               mf_p.l(ffixi.o)
    0x100004aa   0x100004aa   0x00000002   PAD
    0x100004ac   0x100004ac   0x00000048   Code   RO         3416    .text               mf_p.l(dfixi.o)
    0x100004f4   0x100004f4   0x00000022   Code   RO         3420    .text               mc_p.l(llushr.o)
    0x10000516   0x10000516   0x00000000   Code   RO         3422    .text               mc_p.l(iusefp.o)
    0x10000516   0x10000516   0x00000082   Code   RO         3423    .text               mf_p.l(fepilogue.o)
    0x10000598   0x10000598   0x000000be   Code   RO         3425    .text               mf_p.l(depilogue.o)
    0x10000656   0x10000656   0x00000020   Code   RO         3435    .text               mc_p.l(llshl.o)
    0x10000676   0x10000676   0x00000002   PAD
    0x10000678   0x10000678   0x0000000c   Ven    RO         3440    Veneer$$Code        anon$$obj.o
    0x10000684   0x10000684   0x0000000c   Code   RO         1027    i.ADT_StartTimer    timer.o
    0x10000690   0x10000690   0x00000058   Code   RO          971    i.Cmp_CLKConfig     cmp.o
    0x100006e8   0x100006e8   0x00000020   Code   RO          974    i.Cmp_Enable        cmp.o
    0x10000708   0x10000708   0x000001bc   Code   RO          975    i.Cmp_Init          cmp.o
    0x100008c4   0x100008c4   0x000000a0   Code   RO          977    i.Cmp_VrefConfig    cmp.o
    0x10000964   0x10000964   0x00000034   Code   RO         2021    i.CopyDataRWtoImage  system_tcasxxx.o
    0x10000998   0x10000998   0x00000048   Code   RO          400    i.DMA_Init          dma.o
    0x100009e0   0x100009e0   0x00000018   Code   RO          402    i.DMA_StartChannel  dma.o
    0x100009f8   0x100009f8   0x00000022   Code   RO          356    i.DelayForCommandExeDone  delay.o
    0x10000a1a   0x10000a1a   0x00000020   Code   RO          235    i.GPIO_ClearBits    gpio.o
    0x10000a3a   0x10000a3a   0x00000018   Code   RO          237    i.GPIO_ClrAFMode    gpio.o
    0x10000a52   0x10000a52   0x000000e0   Code   RO          244    i.GPIO_Init         gpio.o
    0x10000b32   0x10000b32   0x00000002   PAD
    0x10000b34   0x10000b34   0x00000054   Code   RO          245    i.GPIO_PinMuxAdrMap  gpio.o
    0x10000b88   0x10000b88   0x00000058   Code   RO          246    i.GPIO_RegisterMap  gpio.o
    0x10000be0   0x10000be0   0x00000032   Code   RO          247    i.GPIO_SetAFMode    gpio.o
    0x10000c12   0x10000c12   0x00000020   Code   RO          248    i.GPIO_SetBits      gpio.o
    0x10000c32   0x10000c32   0x00000002   Code   RO         1258    i.HardFault_Handler  interrupt.o
    0x10000c34   0x10000c34   0x00000048   Code   RO         1262    i.IC_PowupInit      interrupt.o
    0x10000c7c   0x10000c7c   0x00000028   Code   RO         1854    i.IWDG_ClearITPending  wdg.o
    0x10000ca4   0x10000ca4   0x00000010   Code   RO         1856    i.IWDG_Enable       wdg.o
    0x10000cb4   0x10000cb4   0x0000002c   Code   RO         1857    i.IWDG_GetITFlag    wdg.o
    0x10000ce0   0x10000ce0   0x00000038   Code   RO            3    i.IwdgCallback      systemdriver.o
    0x10000d18   0x10000d18   0x000000fc   Code   RO         2144    i.Light_AdaptBaselineSet  lightdriver.o
    0x10000e14   0x10000e14   0x00000150   Code   RO         2145    i.Light_AdjustDrive  lightdriver.o
    0x10000f64   0x10000f64   0x0000010c   Code   RO         2146    i.Light_ProbeDriveAdjust  lightdriver.o
    0x10001070   0x10001070   0x0000026c   Code   RO         2147    i.Light_StatSampleACVariety  lightdriver.o
    0x100012dc   0x100012dc   0x00000002   Code   RO         1263    i.NMI_Handler       interrupt.o
    0x100012de   0x100012de   0x00000002   PAD
    0x100012e0   0x100012e0   0x00000018   Code   RO          714    i.OP2_OutPadConfig  op.o
    0x100012f8   0x100012f8   0x00000018   Code   RO          715    i.OP2_VinPadConfig  op.o
    0x10001310   0x10001310   0x00000018   Code   RO          716    i.OP2_VipPadConfig  op.o
    0x10001328   0x10001328   0x00000024   Code   RO          718    i.OPA_Enable        op.o
    0x1000134c   0x1000134c   0x000000f4   Code   RO          720    i.OPA_Init          op.o
    0x10001440   0x10001440   0x00000002   Code   RO         1264    i.PendSV_Handler    interrupt.o
    0x10001442   0x10001442   0x00000002   PAD
    0x10001444   0x10001444   0x00000078   Code   RO          404    i.PeripheralsRxDmaConfig  dma.o
    0x100014bc   0x100014bc   0x00000002   Code   RO         3042    i.PrintInit         trace.o
    0x100014be   0x100014be   0x00000002   PAD
    0x100014c0   0x100014c0   0x00000110   Code   RO         2203    i.Process_FixedSmoothFilter  preprocess.o
    0x100015d0   0x100015d0   0x000000c4   Code   RO         2204    i.Process_LowPassFiltFIR  preprocess.o
    0x10001694   0x10001694   0x000000c4   Code   RO         2205    i.Process_ResampleSignal  preprocess.o
    0x10001758   0x10001758   0x000000b0   Code   RO         2206    i.Process_SampleData  preprocess.o
    0x10001808   0x10001808   0x00000002   Code   RO         1265    i.SVC_Handler       interrupt.o
    0x1000180a   0x1000180a   0x00000002   PAD
    0x1000180c   0x1000180c   0x000000fc   Code   RO            4    i.SYS_ADC_Init      systemdriver.o
    0x10001908   0x10001908   0x0000018c   Code   RO            5    i.SYS_GPIO_Init     systemdriver.o
    0x10001a94   0x10001a94   0x00000098   Code   RO            6    i.SYS_Hardware_Init  systemdriver.o
    0x10001b2c   0x10001b2c   0x00000058   Code   RO            7    i.SYS_Interrupt_Enable  systemdriver.o
    0x10001b84   0x10001b84   0x00000088   Code   RO            9    i.SYS_OPA_Init      systemdriver.o
    0x10001c0c   0x10001c0c   0x00000078   Code   RO         1037    i.SetTimer          timer.o
    0x10001c84   0x10001c84   0x00000050   Code   RO         2022    i.SysCheckTrimValid  system_tcasxxx.o
    0x10001cd4   0x10001cd4   0x00000002   Code   RO         1266    i.SysTick_Handler   interrupt.o
    0x10001cd6   0x10001cd6   0x00000002   PAD
    0x10001cd8   0x10001cd8   0x00000020   Code   RO         2024    i.SystemConfigFlash  system_tcasxxx.o
    0x10001cf8   0x10001cf8   0x00000010   Code   RO         2025    i.SystemCoreClockUpdate  system_tcasxxx.o
    0x10001d08   0x10001d08   0x0000005c   Code   RO         2026    i.SystemCoreSwitchHclkSrc  system_tcasxxx.o
    0x10001d64   0x10001d64   0x00000068   Code   RO         2027    i.SystemGetHClkFreq  system_tcasxxx.o
    0x10001dcc   0x10001dcc   0x00000068   Code   RO         2028    i.SystemInit        system_tcasxxx.o
    0x10001e34   0x10001e34   0x0000001c   Code   RO          199    i.TCmain            main.o
    0x10001e50   0x10001e50   0x00000010   Code   RO          793    i.Tia_Enable        tia.o
    0x10001e60   0x10001e60   0x000000d4   Code   RO          794    i.Tia_Init          tia.o
    0x10001f34   0x10001f34   0x00000020   Code   RO          849    i.TriggerSARAdcStart  saradc.o
    0x10001f54   0x10001f54   0x0000002e   Code   RO         3427    i.__ARM_clz         mf_p.l(depilogue.o)
    0x10001f82   0x10001f82   0x0000001a   Code   RO         1466    i.__ARM_common_switch8  lpm.o
    0x10001f9c   0x10001f9c   0x00000018   Code   RO         1271    i.__NVIC_ClearPendingIRQ  interrupt.o
    0x10001fb4   0x10001fb4   0x00000018   Code   RO           10    i.__NVIC_EnableIRQ  systemdriver.o
    0x10001fcc   0x10001fcc   0x00000018   Code   RO         1272    i.__NVIC_SetPendingIRQ  interrupt.o
    0x10001fe4   0x10001fe4   0x00000044   Code   RO           11    i.__NVIC_SetPriority  systemdriver.o
    0x10002028   0x10002028   0x000000bc   Code   RO         1273    i.aic_IRQHandler    interrupt.o
    0x100020e4   0x100020e4   0x0000004c   Code   RO          359    i.delay1ms          delay.o
    0x10002130   0x10002130   0x0000022c   Code   RO         1275    i.fic_IRQHandler    interrupt.o
    0x1000235c   0x1000235c   0x00000030   Code   RO         1276    i.lic_IRQHandler    interrupt.o
    0x1000238c   0x1000238c   0x00000020   Data   RO          724    .constdata          op.o
    0x100023ac   0x100023ac   0x00000060   Data   RO         2209    .constdata          preprocess.o


==============================================================================

Image component sizes


      Code (inc. data)   RO Data    RW Data    ZI Data      Debug   Object Name

         0          0          0          6          0        740   buzzdriver.o
       724         30          0          0          0       2657   cmp.o
         0          0          0          0         24       1252   defaultsetup.o
       110         12          0          0          0        968   delay.o
         0          0          0         20        186      11666   displaydriver.o
       216         36          0          0          0       1859   dma.o
       244          8          0          0          0       1785   flash.o
       534         18          0          0          0       5456   gpio.o
       922        132          0         68          0      15837   interrupt.o
      1476         54          0          6        108       6390   lightdriver.o
        26          0          0          0          0         72   lpm.o
        28          4          0          0          0       1329   main.o
       352         30         32          0          0       2773   op.o
       840         48         96          4       1068       5294   preprocess.o
        32          6          0          0          0        433   saradc.o
         0          0          0          0        120       3558   segger_rtt.o
        72         26         76          0       1024        724   startup_tcasxxx.o
       480        106          0          4          0       5409   system_tcasxxx.o
      1172         84          0          0          0      64674   systemdriver.o
       228          8          0          0          0       1356   tia.o
       132          0          0          0          0       1212   timer.o
         2          0          0          0          0        376   trace.o
       100         14          0          0          0       1409   wdg.o

    ----------------------------------------------------------------------
      7714        620        204        108       2840     137229   Object Totals
        12          4          0          0          0          0   (incl. Generated)
        12          0          0          0        310          0   (incl. Padding)

    ----------------------------------------------------------------------

      Code (inc. data)   RO Data    RW Data    ZI Data      Debug   Library Member Name

        40          0          0          0          0         72   idiv.o
         0          0          0          0          0          0   iusefp.o
        32          0          0          0          0         68   llshl.o
        34          0          0          0          0         68   llushr.o
        64          0          0          0          0         68   memmovea.o
        36          0          0          0          0        100   memseta.o
        44          0          0          0          0         72   uidiv.o
       240          6          0          0          0         84   ddiv.o
       236          0          0          0          0        216   depilogue.o
        72         10          0          0          0         72   dfixi.o
        40          6          0          0          0         68   dflti.o
       208          6          0          0          0         88   dmul.o
       178          0          0          0          0        108   fadd.o
       130          0          0          0          0        144   fepilogue.o
        50          0          0          0          0         60   ffixi.o
        22          0          0          0          0         68   fflti.o
       122          0          0          0          0         72   fmul.o

    ----------------------------------------------------------------------
      1554         28          0          0          0       1428   Library Totals
         6          0          0          0          0          0   (incl. Padding)

    ----------------------------------------------------------------------

      Code (inc. data)   RO Data    RW Data    ZI Data      Debug   Library Name

       250          0          0          0          0        448   mc_p.l
      1298         28          0          0          0        980   mf_p.l

    ----------------------------------------------------------------------
      1554         28          0          0          0       1428   Library Totals

    ----------------------------------------------------------------------

==============================================================================


      Code (inc. data)   RO Data    RW Data    ZI Data      Debug   

      9268        648        204        108       2840     135093   Grand Totals
      9268        648        204        108       2840     135093   ELF Image Totals
      9268        648        204        108          0          0   ROM Totals

==============================================================================

    Total RO  Size (Code + RO Data)                 9472 (   9.25kB)
    Total RW  Size (RW Data + ZI Data)              2948 (   2.88kB)
    Total ROM Size (Code + RO Data + RW Data)       9580 (   9.36kB)

==============================================================================

