<html>
<body>
<pre>
<h1>µVision Build Log</h1>
<h2>Tool Versions:</h2>
IDE-Version: ¦ÌVision V5.29.0.0
Copyright (C) 2019 ARM Ltd and ARM Germany GmbH. All rights reserved.
License Information: long teng, tinychip, LIC=03CQD-8CGHH-BQ50K-Z3ADH-MU3X7-804RU
 
Tool Versions:
Toolchain:       MDK-ARM Plus  Version: 5.29.0.0
Toolchain Path:  C:\Keil_v5\ARM\ARMCC\Bin
C Compiler:      Armcc.exe V5.06 update 6 (build 750)
Assembler:       Armasm.exe V5.06 update 6 (build 750)
Linker/Locator:  ArmLink.exe V5.06 update 6 (build 750)
Library Manager: ArmAr.exe V5.06 update 6 (build 750)
Hex Converter:   FromElf.exe V5.06 update 6 (build 750)
CPU DLL:         SARMCM3.DLL V5.29.0.0
Dialog DLL:      DARMCM1.DLL V1.19.2.0
Target DLL:      Segger\JL2CM3.dll V2.99.36.0
Dialog DLL:      TARMCM1.DLL V1.14.1.0
 
<h2>Project:</h2>
E:\TINYCHIP\YM\led_test\project\MDK\Oximeter_example.uvprojx
Project File Date:  11/30/2021

<h2>Output:</h2>
*** Using Compiler 'V5.06 update 6 (build 750)', folder: 'C:\Keil_v5\ARM\ARMCC\Bin'
Rebuild target 'Oximeter_example'
compiling main.c...
compiling delay.c...
compiling dma.c...
compiling SystemDriver.c...
compiling i2c.c...
compiling uart.c...
compiling gpio.c...
compiling vdac.c...
compiling tia.c...
compiling op.c...
compiling saradc.c...
compiling aes.c...
compiling cmp.c...
compiling timer.c...
compiling divider.c...
compiling idac.c...
compiling flash.c...
compiling lpm.c...
compiling lvd.c...
compiling interrupt.c...
compiling rtc.c...
assembling startup_tcasxxx.s...
compiling spi.c...
compiling trim.c...
compiling wdg.c...
compiling rcc.c...
compiling system_tcasxxx.c...
compiling DefaultSetup.c...
compiling fontlibs.c...
compiling SegLedDriver.c...
compiling Preprocess.c...
compiling LightDriver.c...
compiling Spo2Interface.c...
compiling UG2864Driver.c...
compiling BluetoothDriver.c...
compiling SEGGER_RTT_Syscalls_KEIL.c...
compiling SEGGER_RTT_printf.c...
compiling BuzzDriver.c...
compiling SEGGER_RTT.c...
compiling DisplayDriver.c...
compiling retarget_io.c...
compiling trace.c...
linking...
Program Size: Code=9524 RO-data=204 RW-data=108 ZI-data=2840  
After Build - User command #1: fromelf --bin --output=./Objects/Oximeter_example.bin .\Objects\Oximeter_example.axf
After Build - User command #2: fromelf -c ./Objects/Oximeter_example.axf -o ./Objects/Oximeter_example.txt
".\Objects\Oximeter_example.axf" - 0 Error(s), 0 Warning(s).

<h2>Software Packages used:</h2>

Package Vendor: ARM
                http://www.keil.com/pack/ARM.CMSIS.5.6.0.pack
                ARM.CMSIS.5.6.0
                CMSIS (Cortex Microcontroller Software Interface Standard)
   * Component: CORE Version: 5.3.0

Package Vendor: Keil
                http://www.keil.com/pack/Keil.ARM_Compiler.1.6.2.pack
                Keil.ARM_Compiler.1.6.2
                Keil ARM Compiler extensions for ARM Compiler 5 and ARM Compiler 6
   * Component: STDOUT Variant: Breakpoint Version: 1.2.0

Package Vendor: Keil
                
                Keil.TCASxxx.1.1.6
                TCAS ARM Cortex-M0 Device Family Pack

<h2>Collection of Component include folders:</h2>
  .\RTE\_Oximeter_example
  C:\Users\longten\AppData\Local\Arm\Packs\ARM\CMSIS\5.6.0\CMSIS\Core\Include
  C:\Users\longten\AppData\Local\Arm\Packs\Keil\TCASxxx\1.1.6\Device\Include

<h2>Collection of Component Files used:</h2>

   * Component: ARM::CMSIS:CORE:5.3.0

   * Component: Keil.ARM Compiler::Compiler:I/O:STDOUT:Breakpoint:1.2.0
      Source file:   Source\retarget_io.c
Build Time Elapsed:  00:00:03
</pre>
</body>
</html>
